[09/24/26-19:27:37][thread 15576][info][CNamaSDK.cpp:481] fuSetup_Impl: sdk version 8.10.0_ALL_74382e4_ALL_7b98adec8
[09/24/26-19:27:51][thread 15576][info][fuai_pipeline.cpp:756] FuAIPipeline::CreateModel: FUAI_NewFaceProcessorFromBundleWithConfig
[09/24/26-19:27:51][thread 15576][info][fuai_pipeline.cpp:783] FuAIPipeline::CreateModel: FUAI_NewHumanProcessorFromBundleWithConfig(0,0)
[09/24/26-19:27:52][thread 15576][info][NamaContext.cpp:1534] created item name: face_beautification_v2
[09/24/26-19:27:52][thread 15576][info][CNamaSDK.cpp:890] fuCreateItemFromPackage: handle = 1, item_name = 
[09/24/26-19:27:52][thread 15576][warning][makeupController.cpp:2706] load texture failed!:eyepupil.png
[09/24/26-19:27:52][thread 15576][warning][makeupController.cpp:2706] load texture failed!:eyeliner.png
[09/24/26-19:27:52][thread 15576][warning][makeupController.cpp:2706] load texture failed!:eyelash.png
[09/24/26-19:27:52][thread 15576][warning][makeupController.cpp:2706] load texture failed!:brow.png
[09/24/26-19:27:52][thread 15576][warning][makeupController.cpp:2706] load texture failed!:eye.png
[09/24/26-19:27:52][thread 15576][warning][makeupController.cpp:2706] load texture failed!:eye2.png
[09/24/26-19:27:52][thread 15576][warning][makeupController.cpp:2706] load texture failed!:eye3.png
[09/24/26-19:27:52][thread 15576][warning][makeupController.cpp:2706] load texture failed!:eye4.png
[09/24/26-19:27:52][thread 15576][warning][makeupController.cpp:2706] load texture failed!:lip_top2.png
[09/24/26-19:27:52][thread 15576][warning][makeupController.cpp:2706] load texture failed!:zhuangrong_sh.png
[09/24/26-19:27:52][thread 15576][warning][makeupController.cpp:2706] load texture failed!:zhuangrong_sh2.png
[09/24/26-19:27:52][thread 15576][warning][makeupController.cpp:2706] load texture failed!:zhuangrong_fd.png
[09/24/26-19:27:52][thread 15576][warning][makeupController.cpp:2706] load texture failed!:zhuangrong_gg.png
[09/24/26-19:27:52][thread 15576][warning][makeupController.cpp:2706] load texture failed!:zhuangrong_yy.png
[09/24/26-19:27:52][thread 15576][warning][makeupController.cpp:2706] load texture failed!:lip_bz1.png
[09/24/26-19:27:52][thread 15576][warning][makeupController.cpp:2706] load texture failed!:gloss_lut.png
[09/24/26-19:27:52][thread 15576][info][NamaContext.cpp:1534] created item name: face_makeup
[09/24/26-19:27:52][thread 15576][info][CNamaSDK.cpp:890] fuCreateItemFromPackage: handle = 2, item_name = 
[09/24/26-19:27:52][thread 15576][info][NamaContext.cpp:1534] created item name: body_beautify
[09/24/26-19:27:52][thread 15576][info][CNamaSDK.cpp:890] fuCreateItemFromPackage: handle = 3, item_name = 
[09/24/26-19:29:42][thread 15576][info][GLLoader.cc:212] initialGLExtentions: glversion max = 4, min = 6
[09/24/26-19:30:04][thread 11580][info][NamaContext.cpp:1534] created item name: new_greensegment_fucreator_1.0.5_release
[09/24/26-19:30:04][thread 11580][info][CNamaSDK.cpp:890] fuCreateItemFromPackage: handle = 4, item_name = 
[09/24/26-19:30:04][thread 11580][info][CNamaSDK.cpp:1030] fuDestroyItem: handle = 2
[09/24/26-19:30:04][thread 11580][warning][makeupController.cpp:2706] load texture failed!:eyepupil.png
[09/24/26-19:30:04][thread 11580][warning][makeupController.cpp:2706] load texture failed!:eyeliner.png
[09/24/26-19:30:04][thread 11580][warning][makeupController.cpp:2706] load texture failed!:eyelash.png
[09/24/26-19:30:04][thread 11580][warning][makeupController.cpp:2706] load texture failed!:brow.png
[09/24/26-19:30:04][thread 11580][warning][makeupController.cpp:2706] load texture failed!:eye.png
[09/24/26-19:30:04][thread 11580][warning][makeupController.cpp:2706] load texture failed!:eye2.png
[09/24/26-19:30:04][thread 11580][warning][makeupController.cpp:2706] load texture failed!:eye3.png
[09/24/26-19:30:04][thread 11580][warning][makeupController.cpp:2706] load texture failed!:eye4.png
[09/24/26-19:30:04][thread 11580][warning][makeupController.cpp:2706] load texture failed!:lip_top2.png
[09/24/26-19:30:04][thread 11580][warning][makeupController.cpp:2706] load texture failed!:zhuangrong_sh.png
[09/24/26-19:30:04][thread 11580][warning][makeupController.cpp:2706] load texture failed!:zhuangrong_sh2.png
[09/24/26-19:30:04][thread 11580][warning][makeupController.cpp:2706] load texture failed!:zhuangrong_fd.png
[09/24/26-19:30:04][thread 11580][warning][makeupController.cpp:2706] load texture failed!:zhuangrong_gg.png
[09/24/26-19:30:04][thread 11580][warning][makeupController.cpp:2706] load texture failed!:zhuangrong_yy.png
[09/24/26-19:30:04][thread 11580][warning][makeupController.cpp:2706] load texture failed!:lip_bz1.png
[09/24/26-19:30:04][thread 11580][warning][makeupController.cpp:2706] load texture failed!:gloss_lut.png
[09/24/26-19:30:04][thread 11580][info][NamaContext.cpp:1534] created item name: face_makeup
[09/24/26-19:30:04][thread 11580][info][CNamaSDK.cpp:890] fuCreateItemFromPackage: handle = 2, item_name = 
[09/24/26-19:32:17][thread 11580][info][NamaContext.cpp:1534] created item name: hair_normal
[09/24/26-19:32:17][thread 11580][info][CNamaSDK.cpp:890] fuCreateItemFromPackage: handle = 5, item_name = 
[09/24/26-19:32:20][thread 11580][info][CNamaSDK.cpp:1030] fuDestroyItem: handle = 5
[09/24/26-19:34:24][thread 11580][info][CNamaSDK.cpp:1030] fuDestroyItem: handle = 4
[09/24/26-19:34:24][thread 11580][info][CNamaSDK.cpp:1030] fuDestroyItem: handle = 2
[09/24/26-19:34:24][thread 11580][warning][makeupController.cpp:2706] load texture failed!:eyepupil.png
[09/24/26-19:34:24][thread 11580][warning][makeupController.cpp:2706] load texture failed!:eyeliner.png
[09/24/26-19:34:24][thread 11580][warning][makeupController.cpp:2706] load texture failed!:eyelash.png
[09/24/26-19:34:24][thread 11580][warning][makeupController.cpp:2706] load texture failed!:brow.png
[09/24/26-19:34:24][thread 11580][warning][makeupController.cpp:2706] load texture failed!:eye.png
[09/24/26-19:34:24][thread 11580][warning][makeupController.cpp:2706] load texture failed!:eye2.png
[09/24/26-19:34:24][thread 11580][warning][makeupController.cpp:2706] load texture failed!:eye3.png
[09/24/26-19:34:24][thread 11580][warning][makeupController.cpp:2706] load texture failed!:eye4.png
[09/24/26-19:34:24][thread 11580][warning][makeupController.cpp:2706] load texture failed!:lip_top2.png
[09/24/26-19:34:24][thread 11580][warning][makeupController.cpp:2706] load texture failed!:zhuangrong_sh.png
[09/24/26-19:34:24][thread 11580][warning][makeupController.cpp:2706] load texture failed!:zhuangrong_sh2.png
[09/24/26-19:34:24][thread 11580][warning][makeupController.cpp:2706] load texture failed!:zhuangrong_fd.png
[09/24/26-19:34:24][thread 11580][warning][makeupController.cpp:2706] load texture failed!:zhuangrong_gg.png
[09/24/26-19:34:24][thread 11580][warning][makeupController.cpp:2706] load texture failed!:zhuangrong_yy.png
[09/24/26-19:34:24][thread 11580][warning][makeupController.cpp:2706] load texture failed!:lip_bz1.png
[09/24/26-19:34:24][thread 11580][warning][makeupController.cpp:2706] load texture failed!:gloss_lut.png
[09/24/26-19:34:24][thread 11580][info][NamaContext.cpp:1534] created item name: face_makeup
[09/24/26-19:34:24][thread 11580][info][CNamaSDK.cpp:890] fuCreateItemFromPackage: handle = 2, item_name = 
[09/24/26-23:17:51][thread 11580][info][CNamaSDK.cpp:1030] fuDestroyItem: handle = 2
[09/24/26-23:17:52][thread 11580][warning][makeupController.cpp:2706] load texture failed!:eyepupil.png
[09/24/26-23:17:52][thread 11580][warning][makeupController.cpp:2706] load texture failed!:eyeliner.png
[09/24/26-23:17:52][thread 11580][warning][makeupController.cpp:2706] load texture failed!:eyelash.png
[09/24/26-23:17:52][thread 11580][warning][makeupController.cpp:2706] load texture failed!:brow.png
[09/24/26-23:17:52][thread 11580][warning][makeupController.cpp:2706] load texture failed!:eye.png
[09/24/26-23:17:52][thread 11580][warning][makeupController.cpp:2706] load texture failed!:eye2.png
[09/24/26-23:17:52][thread 11580][warning][makeupController.cpp:2706] load texture failed!:eye3.png
[09/24/26-23:17:52][thread 11580][warning][makeupController.cpp:2706] load texture failed!:eye4.png
[09/24/26-23:17:52][thread 11580][warning][makeupController.cpp:2706] load texture failed!:lip_top2.png
[09/24/26-23:17:52][thread 11580][warning][makeupController.cpp:2706] load texture failed!:zhuangrong_sh.png
[09/24/26-23:17:52][thread 11580][warning][makeupController.cpp:2706] load texture failed!:zhuangrong_sh2.png
[09/24/26-23:17:52][thread 11580][warning][makeupController.cpp:2706] load texture failed!:zhuangrong_fd.png
[09/24/26-23:17:52][thread 11580][warning][makeupController.cpp:2706] load texture failed!:zhuangrong_gg.png
[09/24/26-23:17:52][thread 11580][warning][makeupController.cpp:2706] load texture failed!:zhuangrong_yy.png
[09/24/26-23:17:52][thread 11580][warning][makeupController.cpp:2706] load texture failed!:lip_bz1.png
[09/24/26-23:17:52][thread 11580][warning][makeupController.cpp:2706] load texture failed!:gloss_lut.png
[09/24/26-23:17:52][thread 11580][info][NamaContext.cpp:98] [js] liufei init stbline in
[09/24/26-23:17:52][thread 11580][info][NamaContext.cpp:98] [js] liufei statesArray init,len: 1
[09/24/26-23:17:52][thread 11580][info][NamaContext.cpp:98] [js] liufei init stbline ok
[09/24/26-23:17:52][thread 11580][info][NamaContext.cpp:98] [js] liufei init stbline in
[09/24/26-23:17:52][thread 11580][info][NamaContext.cpp:98] [js] liufei statesArray init,len: 1
[09/24/26-23:17:52][thread 11580][info][NamaContext.cpp:98] [js] liufei init stbline ok
[09/24/26-23:17:52][thread 11580][info][NamaContext.cpp:98] [js] liufei RegiterStb in
[09/24/26-23:17:52][thread 11580][info][makeupController.cpp:2037] debug++ SetParamTex called tex_lip_mask_zz
[09/24/26-23:17:52][thread 11580][info][makeupController.cpp:2037] debug++ SetParamTex called tex_blusher
[09/24/26-23:17:52][thread 11580][info][makeupController.cpp:2037] debug++ SetParamTex called tex_eyeLash
[09/24/26-23:17:52][thread 11580][info][makeupController.cpp:2037] debug++ SetParamTex called tex_eyeLiner
[09/24/26-23:17:52][thread 11580][info][makeupController.cpp:2037] debug++ SetParamTex called tex_eye
[09/24/26-23:17:52][thread 11580][info][makeupController.cpp:2037] debug++ SetParamTex called tex_brow
[09/24/26-23:17:52][thread 11580][info][NamaContext.cpp:1534] created item name: dummy
[09/24/26-23:17:52][thread 11580][info][CNamaSDK.cpp:890] fuCreateItemFromPackage: handle = 2, item_name = 
[09/24/26-23:17:52][thread 15576][info][NamaContext.cpp:98] [js] liufei show makeup: Group_1_13
[09/24/26-23:17:52][thread 15576][info][makeupController.cpp:2037] debug++ SetParamTex called tex_lip_mask_zz
[09/24/26-23:17:52][thread 15576][info][makeupController.cpp:2037] debug++ SetParamTex called tex_blusher
[09/24/26-23:17:52][thread 15576][info][makeupController.cpp:2037] debug++ SetParamTex called tex_eyeLash
[09/24/26-23:17:52][thread 15576][info][makeupController.cpp:2037] debug++ SetParamTex called tex_eyeLiner
[09/24/26-23:17:52][thread 15576][info][makeupController.cpp:2037] debug++ SetParamTex called tex_eye
[09/24/26-23:17:52][thread 15576][info][makeupController.cpp:2037] debug++ SetParamTex called tex_brow
[09/24/26-23:23:39][thread 15576][info][CNamaSDK.cpp:1039] fuDestroyAllItems called
[09/24/26-23:23:39][thread 15576][info][CNamaSDK.cpp:1076] fuOnDeviceLost called
[09/24/26-23:23:39][thread 15576][info][CNamaSDK.cpp:670] fuDestroyLibData called
[09/24/26-23:23:40][thread 15960][info][ControllerManager.cpp:271] Controller::ControllerManager::~ControllerManager: called
