[09/25/26-22:42:16][thread 17668][info][CNamaSDK.cpp:481] fuSetup_Impl: sdk version 8.10.0_ALL_74382e4_ALL_7b98adec8
[09/25/26-22:42:17][thread 17668][info][fuai_pipeline.cpp:756] FuAIPipeline::CreateModel: FUAI_NewFaceProcessorFromBundleWithConfig
[09/25/26-22:42:18][thread 17668][info][fuai_pipeline.cpp:783] FuAIPipeline::CreateModel: FUAI_NewHumanProcessorFromBundleWithConfig(0,0)
[09/25/26-22:42:19][thread 17668][info][NamaContext.cpp:1534] created item name: face_beautification_v2
[09/25/26-22:42:19][thread 17668][info][CNamaSDK.cpp:890] fuCreateItemFromPackage: handle = 1, item_name = 
[09/25/26-22:42:19][thread 17668][warning][makeupController.cpp:2706] load texture failed!:eyepupil.png
[09/25/26-22:42:19][thread 17668][warning][makeupController.cpp:2706] load texture failed!:eyeliner.png
[09/25/26-22:42:19][thread 17668][warning][makeupController.cpp:2706] load texture failed!:eyelash.png
[09/25/26-22:42:19][thread 17668][warning][makeupController.cpp:2706] load texture failed!:brow.png
[09/25/26-22:42:19][thread 17668][warning][makeupController.cpp:2706] load texture failed!:eye.png
[09/25/26-22:42:19][thread 17668][warning][makeupController.cpp:2706] load texture failed!:eye2.png
[09/25/26-22:42:19][thread 17668][warning][makeupController.cpp:2706] load texture failed!:eye3.png
[09/25/26-22:42:19][thread 17668][warning][makeupController.cpp:2706] load texture failed!:eye4.png
[09/25/26-22:42:19][thread 17668][warning][makeupController.cpp:2706] load texture failed!:lip_top2.png
[09/25/26-22:42:19][thread 17668][warning][makeupController.cpp:2706] load texture failed!:zhuangrong_sh.png
[09/25/26-22:42:19][thread 17668][warning][makeupController.cpp:2706] load texture failed!:zhuangrong_sh2.png
[09/25/26-22:42:19][thread 17668][warning][makeupController.cpp:2706] load texture failed!:zhuangrong_fd.png
[09/25/26-22:42:19][thread 17668][warning][makeupController.cpp:2706] load texture failed!:zhuangrong_gg.png
[09/25/26-22:42:19][thread 17668][warning][makeupController.cpp:2706] load texture failed!:zhuangrong_yy.png
[09/25/26-22:42:19][thread 17668][warning][makeupController.cpp:2706] load texture failed!:lip_bz1.png
[09/25/26-22:42:19][thread 17668][warning][makeupController.cpp:2706] load texture failed!:gloss_lut.png
[09/25/26-22:42:19][thread 17668][info][NamaContext.cpp:1534] created item name: face_makeup
[09/25/26-22:42:19][thread 17668][info][CNamaSDK.cpp:890] fuCreateItemFromPackage: handle = 2, item_name = 
[09/25/26-22:42:19][thread 17668][info][NamaContext.cpp:1534] created item name: body_beautify
[09/25/26-22:42:19][thread 17668][info][CNamaSDK.cpp:890] fuCreateItemFromPackage: handle = 3, item_name = 
[09/25/26-22:42:19][thread 17668][info][NamaContext.cpp:1534] created item name: new_greensegment_fucreator_1.0.5_release
[09/25/26-22:42:19][thread 17668][info][CNamaSDK.cpp:890] fuCreateItemFromPackage: handle = 4, item_name = 
[09/25/26-22:42:19][thread 17668][info][CNamaSDK.cpp:1030] fuDestroyItem: handle = 2
[09/25/26-22:42:19][thread 17668][warning][makeupController.cpp:2706] load texture failed!:eyepupil.png
[09/25/26-22:42:19][thread 17668][warning][makeupController.cpp:2706] load texture failed!:eyeliner.png
[09/25/26-22:42:19][thread 17668][warning][makeupController.cpp:2706] load texture failed!:eyelash.png
[09/25/26-22:42:19][thread 17668][warning][makeupController.cpp:2706] load texture failed!:brow.png
[09/25/26-22:42:19][thread 17668][warning][makeupController.cpp:2706] load texture failed!:eye.png
[09/25/26-22:42:19][thread 17668][warning][makeupController.cpp:2706] load texture failed!:eye2.png
[09/25/26-22:42:19][thread 17668][warning][makeupController.cpp:2706] load texture failed!:eye3.png
[09/25/26-22:42:19][thread 17668][warning][makeupController.cpp:2706] load texture failed!:eye4.png
[09/25/26-22:42:19][thread 17668][warning][makeupController.cpp:2706] load texture failed!:lip_top2.png
[09/25/26-22:42:19][thread 17668][warning][makeupController.cpp:2706] load texture failed!:zhuangrong_sh.png
[09/25/26-22:42:19][thread 17668][warning][makeupController.cpp:2706] load texture failed!:zhuangrong_sh2.png
[09/25/26-22:42:19][thread 17668][warning][makeupController.cpp:2706] load texture failed!:zhuangrong_fd.png
[09/25/26-22:42:19][thread 17668][warning][makeupController.cpp:2706] load texture failed!:zhuangrong_gg.png
[09/25/26-22:42:19][thread 17668][warning][makeupController.cpp:2706] load texture failed!:zhuangrong_yy.png
[09/25/26-22:42:19][thread 17668][warning][makeupController.cpp:2706] load texture failed!:lip_bz1.png
[09/25/26-22:42:19][thread 17668][warning][makeupController.cpp:2706] load texture failed!:gloss_lut.png
[09/25/26-22:42:19][thread 17668][info][NamaContext.cpp:1534] created item name: face_makeup
[09/25/26-22:42:19][thread 17668][info][CNamaSDK.cpp:890] fuCreateItemFromPackage: handle = 5, item_name = 
[09/25/26-22:42:19][thread 17668][info][NamaContext.cpp:1534] created item name: makeup_info
[09/25/26-22:42:19][thread 17668][info][CNamaSDK.cpp:890] fuCreateItemFromPackage: handle = 6, item_name = 
[09/25/26-22:42:19][thread 17668][info][makeupController.cpp:2037] debug++ SetParamTex called tex_shadow
[09/25/26-22:42:19][thread 17668][info][NamaContext.cpp:1534] created item name: yaochun
[09/25/26-22:42:19][thread 17668][info][CNamaSDK.cpp:890] fuCreateItemFromPackage: handle = 7, item_name = 
[09/25/26-22:42:19][thread 17668][info][makeupController.cpp:2037] debug++ SetParamTex called tex_lip_mask_bite_zz
[09/25/26-22:42:19][thread 17668][info][makeupController.cpp:2037] debug++ SetParamTex called tex_lip_mask_bite_bz
[09/25/26-22:42:19][thread 17668][info][NamaContext.cpp:1534] created item name: makeup_info
[09/25/26-22:42:19][thread 17668][info][CNamaSDK.cpp:890] fuCreateItemFromPackage: handle = 8, item_name = 
[09/25/26-22:42:19][thread 17668][info][makeupController.cpp:2037] debug++ SetParamTex called tex_highlight
[09/25/26-22:42:33][thread 17668][info][GLLoader.cc:212] initialGLExtentions: glversion max = 4, min = 6
[09/25/26-22:42:43][thread 10324][info][makeupController.cpp:2037] debug++ SetParamTex called tex_shadow
[09/25/26-22:42:43][thread 10324][info][CNamaSDK.cpp:1030] fuDestroyItem: handle = 6
[09/25/26-22:42:43][thread 10324][info][makeupController.cpp:2037] debug++ SetParamTex called tex_lip_mask_bite_zz
[09/25/26-22:42:43][thread 10324][info][makeupController.cpp:2037] debug++ SetParamTex called tex_lip_mask_bite_bz
[09/25/26-22:42:43][thread 10324][info][CNamaSDK.cpp:1030] fuDestroyItem: handle = 7
[09/25/26-22:42:43][thread 10324][info][makeupController.cpp:2037] debug++ SetParamTex called tex_highlight
[09/25/26-22:42:43][thread 10324][info][CNamaSDK.cpp:1030] fuDestroyItem: handle = 8
[09/25/26-22:42:43][thread 10324][info][CNamaSDK.cpp:1030] fuDestroyItem: handle = 5
[09/25/26-22:42:44][thread 10324][warning][makeupController.cpp:2706] load texture failed!:eyepupil.png
[09/25/26-22:42:44][thread 10324][warning][makeupController.cpp:2706] load texture failed!:eyeliner.png
[09/25/26-22:42:44][thread 10324][warning][makeupController.cpp:2706] load texture failed!:eyelash.png
[09/25/26-22:42:44][thread 10324][warning][makeupController.cpp:2706] load texture failed!:brow.png
[09/25/26-22:42:44][thread 10324][warning][makeupController.cpp:2706] load texture failed!:eye.png
[09/25/26-22:42:44][thread 10324][warning][makeupController.cpp:2706] load texture failed!:eye2.png
[09/25/26-22:42:44][thread 10324][warning][makeupController.cpp:2706] load texture failed!:eye3.png
[09/25/26-22:42:44][thread 10324][warning][makeupController.cpp:2706] load texture failed!:eye4.png
[09/25/26-22:42:44][thread 10324][warning][makeupController.cpp:2706] load texture failed!:lip_top2.png
[09/25/26-22:42:44][thread 10324][warning][makeupController.cpp:2706] load texture failed!:zhuangrong_sh.png
[09/25/26-22:42:44][thread 10324][warning][makeupController.cpp:2706] load texture failed!:zhuangrong_sh2.png
[09/25/26-22:42:44][thread 10324][warning][makeupController.cpp:2706] load texture failed!:zhuangrong_fd.png
[09/25/26-22:42:44][thread 10324][warning][makeupController.cpp:2706] load texture failed!:zhuangrong_gg.png
[09/25/26-22:42:44][thread 10324][warning][makeupController.cpp:2706] load texture failed!:zhuangrong_yy.png
[09/25/26-22:42:44][thread 10324][warning][makeupController.cpp:2706] load texture failed!:lip_bz1.png
[09/25/26-22:42:44][thread 10324][warning][makeupController.cpp:2706] load texture failed!:gloss_lut.png
[09/25/26-22:42:44][thread 10324][info][NamaContext.cpp:1534] created item name: face_makeup
[09/25/26-22:42:44][thread 10324][info][CNamaSDK.cpp:890] fuCreateItemFromPackage: handle = 2, item_name = 
[09/25/26-22:42:49][thread 10324][info][CNamaSDK.cpp:1030] fuDestroyItem: handle = 2
[09/25/26-22:42:49][thread 10324][warning][makeupController.cpp:2706] load texture failed!:eyepupil.png
[09/25/26-22:42:49][thread 10324][warning][makeupController.cpp:2706] load texture failed!:eyeliner.png
[09/25/26-22:42:49][thread 10324][warning][makeupController.cpp:2706] load texture failed!:eyelash.png
[09/25/26-22:42:49][thread 10324][warning][makeupController.cpp:2706] load texture failed!:brow.png
[09/25/26-22:42:49][thread 10324][warning][makeupController.cpp:2706] load texture failed!:eye.png
[09/25/26-22:42:49][thread 10324][warning][makeupController.cpp:2706] load texture failed!:eye2.png
[09/25/26-22:42:49][thread 10324][warning][makeupController.cpp:2706] load texture failed!:eye3.png
[09/25/26-22:42:49][thread 10324][warning][makeupController.cpp:2706] load texture failed!:eye4.png
[09/25/26-22:42:49][thread 10324][warning][makeupController.cpp:2706] load texture failed!:lip_top2.png
[09/25/26-22:42:49][thread 10324][warning][makeupController.cpp:2706] load texture failed!:zhuangrong_sh.png
[09/25/26-22:42:49][thread 10324][warning][makeupController.cpp:2706] load texture failed!:zhuangrong_sh2.png
[09/25/26-22:42:49][thread 10324][warning][makeupController.cpp:2706] load texture failed!:zhuangrong_fd.png
[09/25/26-22:42:49][thread 10324][warning][makeupController.cpp:2706] load texture failed!:zhuangrong_gg.png
[09/25/26-22:42:49][thread 10324][warning][makeupController.cpp:2706] load texture failed!:zhuangrong_yy.png
[09/25/26-22:42:49][thread 10324][warning][makeupController.cpp:2706] load texture failed!:lip_bz1.png
[09/25/26-22:42:49][thread 10324][warning][makeupController.cpp:2706] load texture failed!:gloss_lut.png
[09/25/26-22:42:49][thread 10324][info][NamaContext.cpp:1534] created item name: face_makeup
[09/25/26-22:42:49][thread 10324][info][CNamaSDK.cpp:890] fuCreateItemFromPackage: handle = 2, item_name = 
[09/25/26-22:42:49][thread 10324][info][NamaContext.cpp:1534] created item name: zhuguang
[09/25/26-22:42:49][thread 10324][info][CNamaSDK.cpp:890] fuCreateItemFromPackage: handle = 5, item_name = 
[09/25/26-22:42:49][thread 10324][info][makeupController.cpp:2037] debug++ SetParamTex called tex_lip_mask_zz
[09/25/26-22:42:49][thread 10324][info][makeupController.cpp:2037] debug++ SetParamTex called tex_lip_mask_bz
[09/25/26-22:42:49][thread 10324][info][makeupController.cpp:2037] debug++ SetParamTex called tex_lip_mask_zz
[09/25/26-22:42:49][thread 10324][info][makeupController.cpp:2037] debug++ SetParamTex called tex_lip_mask_bz
[09/25/26-22:42:49][thread 10324][info][CNamaSDK.cpp:1030] fuDestroyItem: handle = 5
[09/25/26-22:42:49][thread 10324][info][CNamaSDK.cpp:1030] fuDestroyItem: handle = 2
[09/25/26-22:42:49][thread 10324][warning][makeupController.cpp:2706] load texture failed!:eyepupil.png
[09/25/26-22:42:49][thread 10324][warning][makeupController.cpp:2706] load texture failed!:eyeliner.png
[09/25/26-22:42:49][thread 10324][warning][makeupController.cpp:2706] load texture failed!:eyelash.png
[09/25/26-22:42:49][thread 10324][warning][makeupController.cpp:2706] load texture failed!:brow.png
[09/25/26-22:42:49][thread 10324][warning][makeupController.cpp:2706] load texture failed!:eye.png
[09/25/26-22:42:49][thread 10324][warning][makeupController.cpp:2706] load texture failed!:eye2.png
[09/25/26-22:42:49][thread 10324][warning][makeupController.cpp:2706] load texture failed!:eye3.png
[09/25/26-22:42:49][thread 10324][warning][makeupController.cpp:2706] load texture failed!:eye4.png
[09/25/26-22:42:49][thread 10324][warning][makeupController.cpp:2706] load texture failed!:lip_top2.png
[09/25/26-22:42:49][thread 10324][warning][makeupController.cpp:2706] load texture failed!:zhuangrong_sh.png
[09/25/26-22:42:49][thread 10324][warning][makeupController.cpp:2706] load texture failed!:zhuangrong_sh2.png
[09/25/26-22:42:49][thread 10324][warning][makeupController.cpp:2706] load texture failed!:zhuangrong_fd.png
[09/25/26-22:42:49][thread 10324][warning][makeupController.cpp:2706] load texture failed!:zhuangrong_gg.png
[09/25/26-22:42:49][thread 10324][warning][makeupController.cpp:2706] load texture failed!:zhuangrong_yy.png
[09/25/26-22:42:49][thread 10324][warning][makeupController.cpp:2706] load texture failed!:lip_bz1.png
[09/25/26-22:42:49][thread 10324][warning][makeupController.cpp:2706] load texture failed!:gloss_lut.png
[09/25/26-22:42:49][thread 10324][info][NamaContext.cpp:1534] created item name: face_makeup
[09/25/26-22:42:49][thread 10324][info][CNamaSDK.cpp:890] fuCreateItemFromPackage: handle = 2, item_name = 
[09/25/26-22:42:49][thread 10324][info][NamaContext.cpp:1534] created item name: yaochun
[09/25/26-22:42:49][thread 10324][info][CNamaSDK.cpp:890] fuCreateItemFromPackage: handle = 5, item_name = 
[09/25/26-22:42:49][thread 10324][info][makeupController.cpp:2037] debug++ SetParamTex called tex_lip_mask_bite_zz
[09/25/26-22:42:49][thread 10324][info][makeupController.cpp:2037] debug++ SetParamTex called tex_lip_mask_bite_bz
[09/25/26-22:43:01][thread 10324][info][makeupController.cpp:2037] debug++ SetParamTex called tex_lip_mask_bite_zz
[09/25/26-22:43:01][thread 10324][info][makeupController.cpp:2037] debug++ SetParamTex called tex_lip_mask_bite_bz
[09/25/26-22:43:01][thread 10324][info][CNamaSDK.cpp:1030] fuDestroyItem: handle = 5
[09/25/26-22:43:01][thread 10324][info][CNamaSDK.cpp:1030] fuDestroyItem: handle = 2
[09/25/26-22:43:01][thread 10324][warning][makeupController.cpp:2706] load texture failed!:eyepupil.png
[09/25/26-22:43:01][thread 10324][warning][makeupController.cpp:2706] load texture failed!:eyeliner.png
[09/25/26-22:43:01][thread 10324][warning][makeupController.cpp:2706] load texture failed!:eyelash.png
[09/25/26-22:43:01][thread 10324][warning][makeupController.cpp:2706] load texture failed!:brow.png
[09/25/26-22:43:01][thread 10324][warning][makeupController.cpp:2706] load texture failed!:eye.png
[09/25/26-22:43:01][thread 10324][warning][makeupController.cpp:2706] load texture failed!:eye2.png
[09/25/26-22:43:01][thread 10324][warning][makeupController.cpp:2706] load texture failed!:eye3.png
[09/25/26-22:43:01][thread 10324][warning][makeupController.cpp:2706] load texture failed!:eye4.png
[09/25/26-22:43:01][thread 10324][warning][makeupController.cpp:2706] load texture failed!:lip_top2.png
[09/25/26-22:43:01][thread 10324][warning][makeupController.cpp:2706] load texture failed!:zhuangrong_sh.png
[09/25/26-22:43:01][thread 10324][warning][makeupController.cpp:2706] load texture failed!:zhuangrong_sh2.png
[09/25/26-22:43:01][thread 10324][warning][makeupController.cpp:2706] load texture failed!:zhuangrong_fd.png
[09/25/26-22:43:01][thread 10324][warning][makeupController.cpp:2706] load texture failed!:zhuangrong_gg.png
[09/25/26-22:43:01][thread 10324][warning][makeupController.cpp:2706] load texture failed!:zhuangrong_yy.png
[09/25/26-22:43:01][thread 10324][warning][makeupController.cpp:2706] load texture failed!:lip_bz1.png
[09/25/26-22:43:01][thread 10324][warning][makeupController.cpp:2706] load texture failed!:gloss_lut.png
[09/25/26-22:43:01][thread 10324][info][NamaContext.cpp:1534] created item name: face_makeup
[09/25/26-22:43:01][thread 10324][info][CNamaSDK.cpp:890] fuCreateItemFromPackage: handle = 2, item_name = 
[09/25/26-22:46:09][thread 17668][info][CNamaSDK.cpp:1039] fuDestroyAllItems called
[09/25/26-22:46:09][thread 17668][info][CNamaSDK.cpp:1076] fuOnDeviceLost called
[09/25/26-22:46:09][thread 17668][info][CNamaSDK.cpp:670] fuDestroyLibData called
[09/25/26-22:46:09][thread 18252][info][ControllerManager.cpp:271] Controller::ControllerManager::~ControllerManager: called
