[09/25/26-23:45:36][thread 18080][info][CNamaSDK.cpp:481] fuSetup_Impl: sdk version 8.10.0_ALL_74382e4_ALL_7b98adec8
[09/25/26-23:45:38][thread 18080][info][fuai_pipeline.cpp:756] FuAIPipeline::CreateModel: FUAI_NewFaceProcessorFromBundleWithConfig
[09/25/26-23:45:38][thread 18080][info][fuai_pipeline.cpp:783] FuAIPipeline::CreateModel: FUAI_NewHumanProcessorFromBundleWithConfig(0,0)
[09/25/26-23:45:39][thread 18080][info][NamaContext.cpp:1534] created item name: face_beautification_v2
[09/25/26-23:45:39][thread 18080][info][CNamaSDK.cpp:890] fuCreateItemFromPackage: handle = 1, item_name = 
[09/25/26-23:45:39][thread 18080][warning][makeupController.cpp:2706] load texture failed!:eyepupil.png
[09/25/26-23:45:39][thread 18080][warning][makeupController.cpp:2706] load texture failed!:eyeliner.png
[09/25/26-23:45:39][thread 18080][warning][makeupController.cpp:2706] load texture failed!:eyelash.png
[09/25/26-23:45:39][thread 18080][warning][makeupController.cpp:2706] load texture failed!:brow.png
[09/25/26-23:45:39][thread 18080][warning][makeupController.cpp:2706] load texture failed!:eye.png
[09/25/26-23:45:39][thread 18080][warning][makeupController.cpp:2706] load texture failed!:eye2.png
[09/25/26-23:45:39][thread 18080][warning][makeupController.cpp:2706] load texture failed!:eye3.png
[09/25/26-23:45:39][thread 18080][warning][makeupController.cpp:2706] load texture failed!:eye4.png
[09/25/26-23:45:39][thread 18080][warning][makeupController.cpp:2706] load texture failed!:lip_top2.png
[09/25/26-23:45:39][thread 18080][warning][makeupController.cpp:2706] load texture failed!:zhuangrong_sh.png
[09/25/26-23:45:39][thread 18080][warning][makeupController.cpp:2706] load texture failed!:zhuangrong_sh2.png
[09/25/26-23:45:39][thread 18080][warning][makeupController.cpp:2706] load texture failed!:zhuangrong_fd.png
[09/25/26-23:45:39][thread 18080][warning][makeupController.cpp:2706] load texture failed!:zhuangrong_gg.png
[09/25/26-23:45:39][thread 18080][warning][makeupController.cpp:2706] load texture failed!:zhuangrong_yy.png
[09/25/26-23:45:39][thread 18080][warning][makeupController.cpp:2706] load texture failed!:lip_bz1.png
[09/25/26-23:45:39][thread 18080][warning][makeupController.cpp:2706] load texture failed!:gloss_lut.png
[09/25/26-23:45:39][thread 18080][info][NamaContext.cpp:1534] created item name: face_makeup
[09/25/26-23:45:39][thread 18080][info][CNamaSDK.cpp:890] fuCreateItemFromPackage: handle = 2, item_name = 
[09/25/26-23:45:39][thread 18080][info][NamaContext.cpp:1534] created item name: body_beautify
[09/25/26-23:45:39][thread 18080][info][CNamaSDK.cpp:890] fuCreateItemFromPackage: handle = 3, item_name = 
[09/25/26-23:45:39][thread 18080][info][NamaContext.cpp:1534] created item name: new_greensegment_fucreator_1.0.5_release
[09/25/26-23:45:39][thread 18080][info][CNamaSDK.cpp:890] fuCreateItemFromPackage: handle = 4, item_name = 
[09/25/26-23:45:39][thread 18080][info][CNamaSDK.cpp:1030] fuDestroyItem: handle = 2
[09/25/26-23:45:39][thread 18080][warning][makeupController.cpp:2706] load texture failed!:eyepupil.png
[09/25/26-23:45:39][thread 18080][warning][makeupController.cpp:2706] load texture failed!:eyeliner.png
[09/25/26-23:45:39][thread 18080][warning][makeupController.cpp:2706] load texture failed!:eyelash.png
[09/25/26-23:45:39][thread 18080][warning][makeupController.cpp:2706] load texture failed!:brow.png
[09/25/26-23:45:39][thread 18080][warning][makeupController.cpp:2706] load texture failed!:eye.png
[09/25/26-23:45:39][thread 18080][warning][makeupController.cpp:2706] load texture failed!:eye2.png
[09/25/26-23:45:39][thread 18080][warning][makeupController.cpp:2706] load texture failed!:eye3.png
[09/25/26-23:45:39][thread 18080][warning][makeupController.cpp:2706] load texture failed!:eye4.png
[09/25/26-23:45:39][thread 18080][warning][makeupController.cpp:2706] load texture failed!:lip_top2.png
[09/25/26-23:45:39][thread 18080][warning][makeupController.cpp:2706] load texture failed!:zhuangrong_sh.png
[09/25/26-23:45:39][thread 18080][warning][makeupController.cpp:2706] load texture failed!:zhuangrong_sh2.png
[09/25/26-23:45:39][thread 18080][warning][makeupController.cpp:2706] load texture failed!:zhuangrong_fd.png
[09/25/26-23:45:39][thread 18080][warning][makeupController.cpp:2706] load texture failed!:zhuangrong_gg.png
[09/25/26-23:45:39][thread 18080][warning][makeupController.cpp:2706] load texture failed!:zhuangrong_yy.png
[09/25/26-23:45:39][thread 18080][warning][makeupController.cpp:2706] load texture failed!:lip_bz1.png
[09/25/26-23:45:39][thread 18080][warning][makeupController.cpp:2706] load texture failed!:gloss_lut.png
[09/25/26-23:45:39][thread 18080][info][NamaContext.cpp:1534] created item name: face_makeup
[09/25/26-23:45:39][thread 18080][info][CNamaSDK.cpp:890] fuCreateItemFromPackage: handle = 5, item_name = 
[09/25/26-23:45:50][thread 18080][info][GLLoader.cc:212] initialGLExtentions: glversion max = 4, min = 6
[09/25/26-23:46:37][thread 18080][info][CNamaSDK.cpp:1039] fuDestroyAllItems called
[09/25/26-23:46:37][thread 18080][info][CNamaSDK.cpp:1076] fuOnDeviceLost called
[09/25/26-23:46:37][thread 18080][info][CNamaSDK.cpp:670] fuDestroyLibData called
[09/25/26-23:46:37][thread 15988][info][ControllerManager.cpp:271] Controller::ControllerManager::~ControllerManager: called
