2026-09-25 18:51:45 DEBUG app - core.config.json  
2026-09-25 18:51:45 DEBUG ProxyMonitor - Proxy refresh started. Reason=startup  
2026-09-25 18:51:47 DEBUG DefaultUserProxySource - Get Local Config Proxy Success  
2026-09-25 18:51:47 DEBUG DefaultUserProxySource - Get Server Config Proxy Success  
2026-09-25 18:51:47 DEBUG ProxyMonitor - Proxy refresh started. Reason=proxy ready  
2026-09-25 18:51:49 DEBUG ProxyMonitor - Direct： AverageTime=1873ms (1 iterations)  
2026-09-25 18:51:49 DEBUG ProxyMonitor - faster proxy: Direct   
2026-09-25 18:51:49 DEBUG ProxyMonitor - Direct： AverageTime=2220ms (1 iterations)  
2026-09-25 18:51:49 DEBUG ProxyMonitor - faster proxy: Direct   
2026-09-25 18:51:49 INFO app - eval_v  
2026-09-25 18:51:49 DEBUG AppHelper - Current Model:Release  
2026-09-25 18:51:49 DEBUG AppHelper - Current Process Is NOT Admin  
2026-09-25 18:51:49 DEBUG AppHelper - Current App Version:1.0.194.0  
2026-09-25 18:51:49 DEBUG AppConfig - Start init app config  
2026-09-25 18:51:49 DEBUG LocaleProvider - Init Start, Wait Ready  
2026-09-25 18:51:49 DEBUG LocaleProvider - OBS Use Language:en-US，LocaleProvider Use Language:en-US  
2026-09-25 18:51:49 DEBUG LocaleProvider - Init Inner Locale:zh-CN Count:240  
2026-09-25 18:51:49 DEBUG LocaleProvider - Init End, Ready Set  
2026-09-25 18:51:49 DEBUG OBSPlusHelper - obs is ready:True  
2026-09-25 18:51:49 DEBUG ShopService - GetPluginList From Init Start  
2026-09-25 18:51:49 DEBUG LoginService - Refresh Token Use Local File:token.bin Refresh_Token:BF10A231BA0BE366524E2AC7265F8799DB4B800E2254975835EC36473458863D  
2026-09-25 18:51:49 DEBUG PluginMessageControl - IsReady:True  
2026-09-25 18:51:49 DEBUG PluginConfigService - Start Init Plugin Config  
2026-09-25 18:51:51 DEBUG OBSPlusHelper - request login  
2026-09-25 18:51:56 DEBUG LoginService - Refresh Token Success  
2026-09-25 18:51:56 DEBUG LoginService - Save Token Json:
{
  "id_token": "eyJhbGciOiJBMjU2S1ciLCJlbmMiOiJBMjU2Q0JDLUhTNTEyIiwidHlwIjoiSldUIiwiY3R5IjoiSldUIn0.Lxrgrf67faX84TJipVWpyvEu22RP9voOR3niAT_8VcMiNloiwe8LiNGbRxu-DJOkFRZBqpzTjuXnR3o7TTjBE24ivLdWexdV.uWU323BMOqhg-Vh2ab1k8Q.3jZiE5Y95IiA2kdqEulRjJhqznJHz2pcrBuKJjJpAYdXypPbUc3JWdovbOb1lEOQHdsoINFa4s80ctqPQxrIQMDH0ivjRv3Ops4yVoUv_3UQtmDetCGReirCq0QdlANwv4tm3n0sHheCiTXnh3xEyisfExncS7NLIwt_lvkiWYNdAef9G5NZES5btXFyZV-xEK9cOZwoDIoB34RZhcCoSQOKt41NilYdEhTq1gA3RFON6avo62jpztoxP3ewS-AbUuCU-5cR-QPpeQ-Ax0R_Yr49_OB7Sf7FlQ-3-ZwnArpU3zHOGmbhWClAYJhejWyam9NtmtI7ofUK0QSQNL1GMigQHOxMFuAJmXHTAYkr0Co-P9Q7WfrAsKQUhdCcgRPD2plFGKUtaZdYpVTAm7fytUcUCEyAd7T0IcE-3-2BtnYK9F9KIvKu9DpyarpsYYYzyAIj-1kMVCMWAgiLmOH_dkD-SWsCKuDEqLGhJHcBRFGt-_98HR232Xs01bCYm59n9fjOEBCtLfq2FCoP3VnpSFUA5uTn61njUjiJhDtrupgNyXlDOAQjLx2diVfRHgUq0enGtKuDNaP1J5_PYc4-CIwkcCs-bsBsKWzb7PAH3BdjYyWVtJYegdNmOJENOI0JDT0MOFASryde9Q_YPWZmBjXjF81nMiIbdEIfFWzU4yaztLRkn6r1a3AhpQOTWRK7iGW9YmiKiXPaJC8lpcCfEQvPzcJEAI0CFE_aajiDQ45RryEPL7Aw7Eb5xpRJCJ5cZwQCkFbBc6yYP-mVeOzhcs-cbwKRXfBI-OiR0xm0XeVt87XL3KyVcXco637muZMYPW3qHR895WkZ5-noPF4qBqbN0uId3QYs2IUuDlqp94B6gPGJ8mAXDt5bQNSkOItn3UvOU5cytpn8sI_EROuCFAUQ9utC-6O53LUM_tLfdpXyxfL_UoN2V7UmWJNXNCR1VQqzrXiaiqqz8_p7rHnyeg.1xVeywJi_A1nWDkzrpHB8V4qpOBxAqxNlPmYo-_jcDQ",
  "access_token": "eyJhbGciOiJBMjU2S1ciLCJlbmMiOiJBMjU2Q0JDLUhTNTEyIiwidHlwIjoiSldUIiwiY3R5IjoiSldUIn0.U-xXMJFv3vl8BV8LaGVdURTiMemwSTfThON-YwAQPk8eMCNsYLmZKYlOuIMMBY1cS81OSriIKKio3m521kT_TCRchTk5UL6S.hcwg54EdvGKbAtzNRFduIA.zdHukX1wrDXPh1efwgp9BPDB2x-RJ26jfSkDkDybtQHlUSptPxoKHWEjYJr8m1NcSuE8r8m3l-1safq5CLqMl_gCSwTslka2s2xhj7CaCV7YafyXoXsy-TahS0D-gCxWrxtKrnlS1RcHCtJuvhd13o2Z6hvj0AxzfRlhE71QVICNDIVkdifelhK0aOO0_zu7DbJKjxXzi-FBCgE7IB3c8ncx1ZMde1n415WS5F67_YT6AC_RzgHYkRVnHX2ObbUXwhbjXuOwTRxPQ_rK0fZJymiTtTf3rT4Fk7zfO0Hf0sfPyKQbEfisnAVWBmp6HR_en4dMSeOFyxz4mwEEeuqXuoziH3ZH7zMGiF7BIIZjIppIjwPKjnZI1pmy8YYNyslffQhlymSeFjo0w79wdkT2rPBe8bIGePxn4MV-tsbFn1Sy08Ji6tozJrJUEhSH7er4eblBoIim_UaUhikrTkhJYD65ViBkh636i6wcPcivdyP5M5Uud7lWz7qlZ6yklEiLCtaX99knEoJy_wmb4v-I7dUilSYdd0pJje5pIFqiqE7d6p6OpVZaYfT-x1fQsffXF2-MVLhFeDB0K4diuXBDufRC9muN15vQCy5thpizfGe_tmJuts5mFm8RCIYpWbubAwFyRae2ObOAoXeuqSlK9ydwsiJGukJMDOjVXMn-TS_aCjCjlYqlyEHMQw4vje37J_3tAAA_aYk-AM5nU5CA_204-1_lPl9uOS4CbWVmAJt9WFfAT8JVb7GJQS1oKrRpZgqlALpkX_6GtpJQm4g0YQorgdyD6aQDgbGvQNGh_jZHrsRWRCx3X8QlgWYl2EeIKnAZZU4Hv_jvGysa9Zj2_bfVvYwAoNmZtg64D7jFbOuRIEWqy_g6d6JsX7RtQWaVh1FM2jMfIobnuprTRLU8U1nP80NUR5YeU3hbkiXmaJZudIjBb0Bbx_xlMDR2TxOY39zSVx2nOsGC4DaKfvxxFZf26cNmYXO0MhTsXJw4l0d4Q86prlTyic7ugwwcf0naV-_fio0WRkCO39j2RhJqMA1Cx2BBIwfr1xkCqn5wwHgSB45pDjJ7hg7ygotqk_U7oPNoTW_b7ODEe-5tAyoVkrNDKZEQ_dSG2_iBDDokYoHZNhubjsq_cMAFCZ7TkOIH4NKrYPDRZ2WfO1hLFzBjAq_sfKZ9hDs5rl_LXeW5r7A-_VwWVzDbmqWTP3Co20a_Gy5ilrEBJyvpEEhuHzdGT6h6UoPyfvPBKdw2NNKwWRUaTLYpNdTGGJfWhfAeYFHlRnGhz9PsoM9_lnoXl1FxVehQ7aECTlq_mxQn4X9veUX9NOXTw6LmMohhPOfDrYJjGaK7aUGTF_Us2_rxpgMd5Xo2efTTH5cmwqCkELxGhnqLqgzyd2BsHtdzuP2jZBHZfrykZDkQFJB8SLd9R081_eoQ07teYHUsEyMIzxOyI3FhX0jSBIW03MdIWEwVUjwB81saQUMX8rgEH1wN_b_dzWa2gPOJDSjoJ9ZS3B_xZ1XUgrujZ6v0-EeqVndaeIPNCc15aFiTL2g3jsyZMjPps8RebnMVFkIG5Zu_vpgq9m8.i7OA7JGePSn2veHyhQDuB7rheYmONmsjn-I2T0L4rVA",
  "expires_in": 604800,
  "token_type": "Bearer",
  "refresh_token": "1D3DC3833E73C24F886D08FA29334D92F32344E199CAB8D57F36EB38E1C6E39E",
  "scope": "openid scope.obs-plus.shop scope.obs-plus.user offline_access"
}
To Local File:token.bin  
2026-09-25 18:51:57 INFO HttpSpeedTester - Domain:obsworks Url:https://oauth.obsworks.com/api/session Test TotalCount:3 SuccessCount:3 FailureCount:0 AverageResponseTime:837 ms  
2026-09-25 18:51:57 INFO HttpSpeedTester - Domain:ourobs Url:https://oauth.ourobs.com/api/session Test TotalCount:3 SuccessCount:3 FailureCount:0 AverageResponseTime:1798 ms  
2026-09-25 18:51:57 INFO HttpSpeedTester - Primary domain:obsworks selected: SuccessCount 3 > 0  
2026-09-25 18:51:57 DEBUG AppHelper - Better Domain:obsworks  
2026-09-25 18:51:57 DEBUG PluginConfigService - End Init Plugin Config  
2026-09-25 18:51:57 INFO app - eval_k4  
2026-09-25 18:51:57 INFO app - eval_kb  
2026-09-25 18:51:57 INFO app - eval_ka  
2026-09-25 18:51:57 INFO app - eval_k9  
2026-09-25 18:51:57 INFO app - eval_r0  
2026-09-25 18:51:57 INFO app - eval_rz  
2026-09-25 18:51:57 INFO app - eval_rc  
2026-09-25 18:51:57 INFO app - eval_rj  
2026-09-25 18:51:57 INFO app - eval_rx  
2026-09-25 18:51:57 INFO app - eval_rv  
2026-09-25 18:51:57 INFO app - eval_rf  
2026-09-25 18:51:57 INFO app - eval_yt  
2026-09-25 18:51:57 INFO app - eval_yc  
2026-09-25 18:51:57 INFO app - eval_va  
2026-09-25 18:51:57 DEBUG app - 应用程序初始化耗时：12,6272706秒  
2026-09-25 18:51:57 DEBUG RemoteContentProvider - C:\Users\fourk\AppData\Roaming\obsplus\locale\ui-en-US.json Not Be Modified, Return It's Content  
2026-09-25 18:51:57 DEBUG LocaleProvider - Init Server Locale:ui-en-US Count:240  
2026-09-25 18:51:57 DEBUG ShopService - LocalProvider Update Completed, Update Plugin List  
2026-09-25 18:51:58 DEBUG app - http://localhost:57469  
2026-09-25 18:51:58 DEBUG WindowManager - Register Window:Load  
2026-09-25 18:51:59 DEBUG SoftwareGreenInstallService - Start Init Green Software Config  
2026-09-25 18:51:59 DEBUG Main - Init -> GetPluginList  
2026-09-25 18:51:59 DEBUG Main - OBS所在屏幕的工作区域为：1920x1032，安全的窗口高度为：980,4，插件中心窗口默认高度为：758，在此屏幕上高度设为：758  
2026-09-25 18:51:59 DEBUG OBSPLUSAPP - LoginService.IsReady:True, Close Load Window  
2026-09-25 18:51:59 DEBUG WindowManager - Window:Load Closed  
2026-09-25 18:51:59 DEBUG WindowManager - Remove Window:Load Result:True  
2026-09-25 18:51:59 DEBUG Main - UserLoginSuccess -> GetPluginList  
2026-09-25 18:51:59 DEBUG ShopService - this.briefCDNResults is null, RequestPluginCDNList  
2026-09-25 18:51:59 DEBUG ShopService - Request Plugins CDN Description:allinfo-en-US  
2026-09-25 18:51:59 DEBUG Main - 加载插件列表开始  
2026-09-25 18:51:59 DEBUG Main - 获取插件分类数据结束，ServerCategories Count:9  
2026-09-25 18:51:59 INFO Main - GetPluginList Canceled  
2026-09-25 18:51:59 DEBUG SoftwareGreenInstallService - End Init Green Software Config  
2026-09-25 18:51:59 DEBUG ShopService - GetPluginList From UserLogin Start  
2026-09-25 18:51:59 DEBUG RemoteContentProvider - C:\Users\fourk\AppData\Roaming\obsplus\locale\allinfo-en-US.json Not Be Modified, Return It's Content  
2026-09-25 18:51:59 DEBUG ShopService - GetPluginList From Init End, Use Total 10,493327s  
2026-09-25 18:51:59 DEBUG LoginService - Update OpenId Equal Value Don't Need Update  
2026-09-25 18:51:59 DEBUG Main - 申请试用OBS Camera Beauty  
2026-09-25 18:52:00 DEBUG Main - 加载插件列表 获取插件列表数据开始  
2026-09-25 18:52:00 DEBUG Main - 加载插件列表 获取插件列表数据结束，ServerPlugins Count:69  
2026-09-25 18:52:00 DEBUG ShopService - GetPluginList From UserLogin End, Use Total 0,3159758s  
2026-09-25 18:52:00 DEBUG LoginMessageHandler - publish login message to all plugins  
2026-09-25 18:52:00 DEBUG SoftwareGreenInstallService - audolinktools start file path:C:\Users\fourk\AppData\Roaming\obsplus\software\audolinktools\PCAudioLinkTools.exe  
2026-09-25 18:52:00 DEBUG SoftwareGreenInstallService - file C:\Users\fourk\AppData\Roaming\obsplus\software\audolinktools\PCAudioLinkTools.exe don't exists!  
2026-09-25 18:52:00 DEBUG SoftwareInstallService - registry avermediacolorkeypro uninstall path:  
2026-09-25 18:52:00 DEBUG SoftwareInstallService - registry avermediabgremoval uninstall path:  
2026-09-25 18:52:00 DEBUG SoftwareInstallService - registry avermediacoloreditorpro uninstall path:  
2026-09-25 18:52:00 DEBUG SoftwareGreenInstallService - zoomit start file path:C:\Users\fourk\AppData\Roaming\obsplus\software\zoomit\ZoomIt64.exe  
2026-09-25 18:52:00 DEBUG SoftwareGreenInstallService - file C:\Users\fourk\AppData\Roaming\obsplus\software\zoomit\ZoomIt64.exe don't exists!  
2026-09-25 18:52:00 DEBUG Main - 加载插件列表 实例化插件列表数据结束，AllPlugins Count:69  
2026-09-25 18:52:00 DEBUG Main - 加载插件列表结束，ShowPlugins Count:67，耗时1,2928314s  
2026-09-25 18:52:03 DEBUG OBSPLUSAPP - currentDir:C:\Program Files\obs-studio\bin\64bit, rootDir:C:\Program Files\obs-studio  
2026-09-25 18:52:03 DEBUG OBSPLUSAPP - Change --palette_link value:var(--blue2) to:rgb(77,166,255)  
2026-09-25 18:52:03 DEBUG OBSPLUSAPP - Change --palette_linkVisited value:var(--blue2) to:rgb(77,166,255)  
2026-09-25 18:52:03 ERROR OBSPLUSAPP - ModifyOBSTheme C:\Program Files\obs-studio\data\obs-studio\themes\Yami.obt Exception:Access to the path 'C:\Program Files\obs-studio\data\obs-studio\themes\Yami.obt' is denied.  
2026-09-25 18:52:03 DEBUG OBSPLUSAPP - C:\ProgramData\obs-studio\plugins\obsplus\bin\32bit\obsplus.dll sign time:29/07/2026 13:29:08  
2026-09-25 18:52:03 DEBUG OBSPLUSAPP - C:\ProgramData\obs-studio\plugins\obsplus\bin\64bit\obsplus.dll sign time:29/07/2026 13:29:12  
2026-09-25 18:52:03 DEBUG OBSPLUSAPP - NV baseProfile.Settings.Level Is NULL(Default State)  
2026-09-25 18:52:03 DEBUG OBSPLUSAPP - nv setting is right, don't need tip  
2026-09-25 18:53:09 DEBUG WindowManager - Register Window:插件续费  
2026-09-25 19:01:53 DEBUG AppHelper - RumCmd arguments:wmic os get Caption, ruanAsAdmin:False  
2026-09-25 19:01:53 DEBUG AppHelper - RunCmd current process is NOT admin, but runAsAdmin=false, don't set Verb = Runas  
2026-09-25 19:01:53 DEBUG AppHelper - RumCmd arguments:wmic os get Version, ruanAsAdmin:False  
2026-09-25 19:01:53 DEBUG AppHelper - RunCmd current process is NOT admin, but runAsAdmin=false, don't set Verb = Runas  
2026-09-25 19:01:53 DEBUG AppHelper - RumCmd arguments:wmic os get OSArchitecture, ruanAsAdmin:False  
2026-09-25 19:01:53 DEBUG AppHelper - RunCmd current process is NOT admin, but runAsAdmin=false, don't set Verb = Runas  
2026-09-25 19:01:53 DEBUG ReportService - obsplus config is changed, report  
2026-09-25 19:01:53 DEBUG ReportService - 发送日志：{"message":{"UserId":"8011a6df9cb04013ab03ee42bb313c51","PhoneNumber":"+62 85183078655","DeviceId":"FE01871B-CE17-4267-99F0-E9EBCCF3C1A7","Channel":"ZHOUJING","Sources":{"fade_transition":"Fade","wasapi_output_capture":"Desktop Audio","wasapi_input_capture":"Mic/Aux","spout_capture":"vtuber","browser_source":"Trakteer","window_capture":"game","image_source":"wp7966787-anime-city-scenery-desktop-wallpapers.jpg","ffmpeg_source":"Comp 1.mp4","dshow_input":"input_source_0f9a4764-6928-4fbd-a09a-8b26f3a5fac1","camera_beauty_source_v2":"OBS Beauty Camera"},"Plugins":{},"System":"(2009)"},"messageType":"obsplus","type":"shop"}  
2026-09-25 19:01:54 DEBUG ReportService - content of obs-studio scene config json file is null or empty, don't need report  
2026-09-25 19:11:54 DEBUG ReportService - obsplus config not be changed, don't report  
2026-09-25 19:21:54 DEBUG ReportService - obsplus config not be changed, don't report  
2026-09-25 19:31:54 DEBUG ReportService - obsplus config not be changed, don't report  
2026-09-25 19:41:16 DEBUG WindowManager - Window:插件续费 Closed  
2026-09-25 19:41:16 DEBUG WindowManager - Remove Window:插件续费 Result:True  
2026-09-25 19:41:54 DEBUG ReportService - obsplus config not be changed, don't report  
2026-09-25 19:51:54 DEBUG ReportService - obsplus config not be changed, don't report  
2026-09-25 20:01:54 DEBUG ReportService - obsplus config not be changed, don't report  
2026-09-25 20:11:54 DEBUG ReportService - obsplus config not be changed, don't report  
2026-09-25 20:13:20 DEBUG OBSPlusHelper - Receive obs_exit Signal  
2026-09-25 21:47:01 DEBUG app - core.config.json  
2026-09-25 21:47:01 DEBUG ProxyMonitor - Proxy refresh started. Reason=startup  
2026-09-25 21:47:02 DEBUG DefaultUserProxySource - Get Local Config Proxy Success  
2026-09-25 21:47:03 DEBUG DefaultUserProxySource - Get Server Config Proxy Success  
2026-09-25 21:47:03 DEBUG ProxyMonitor - Proxy refresh started. Reason=proxy ready  
2026-09-25 21:47:04 DEBUG ProxyMonitor - Direct： AverageTime=1007ms (1 iterations)  
2026-09-25 21:47:04 DEBUG ProxyMonitor - faster proxy: Direct   
2026-09-25 21:47:05 DEBUG ProxyMonitor - Direct： AverageTime=2497ms (1 iterations)  
2026-09-25 21:47:05 DEBUG ProxyMonitor - faster proxy: Direct   
2026-09-25 21:47:05 INFO app - eval_v  
2026-09-25 21:47:05 DEBUG AppHelper - Current Model:Release  
2026-09-25 21:47:05 DEBUG AppHelper - Current Process Is NOT Admin  
2026-09-25 21:47:05 DEBUG AppHelper - Current App Version:1.0.194.0  
2026-09-25 21:47:05 DEBUG AppConfig - Start init app config  
2026-09-25 21:47:05 DEBUG LocaleProvider - Init Start, Wait Ready  
2026-09-25 21:47:05 DEBUG LocaleProvider - OBS Use Language:en-US，LocaleProvider Use Language:en-US  
2026-09-25 21:47:05 DEBUG LocaleProvider - Init Inner Locale:zh-CN Count:240  
2026-09-25 21:47:05 DEBUG LocaleProvider - Init End, Ready Set  
2026-09-25 21:47:05 DEBUG OBSPlusHelper - obs is ready:True  
2026-09-25 21:47:05 DEBUG ShopService - GetPluginList From Init Start  
2026-09-25 21:47:05 DEBUG LoginService - Refresh Token Use Local File:token.bin Refresh_Token:1D3DC3833E73C24F886D08FA29334D92F32344E199CAB8D57F36EB38E1C6E39E  
2026-09-25 21:47:05 DEBUG PluginMessageControl - IsReady:True  
2026-09-25 21:47:05 DEBUG PluginConfigService - Start Init Plugin Config  
2026-09-25 21:47:07 DEBUG OBSPlusHelper - request login  
2026-09-25 21:47:11 DEBUG LoginService - Refresh Token Success  
2026-09-25 21:47:11 DEBUG LoginService - Save Token Json:
{
  "id_token": "eyJhbGciOiJBMjU2S1ciLCJlbmMiOiJBMjU2Q0JDLUhTNTEyIiwidHlwIjoiSldUIiwiY3R5IjoiSldUIn0.VmunTVIA_VLWeL2bAjSZK2u3XEMndEilDjxHtxRkMOlPrCTWKG9oSjA2tguRsE9XjQpzsKTi3sXwX1ltKw01gsVUqgwZhLGT.CPhmG0RY9jrhEDRwcdFv4w.fvjFfisVlgnBxzoX8gI3Jw4plsajFGkGaMikg8OySFPKCyhqkyBCF-hsPZV4AAkZQA2wFLJnBW1NpNE13fRNOjP_ypJsOjrKLtjJS4dO0lEdhyPDq0cE8D3mbSXoQ2aCgs6CIlKLBY-ZA5aeDq0XDDj_Tfmf2EsIEEotLy7B2pjHPv8ejP5EbCoesCd51jtxFsxP8AFLgtPoRrr5d6twcoA0kyBw7cQ44PvimoKu_4kmOhRl_dLxAvlHSg0-JnsAz9LN5Xn6d3ZJ6gb3H-4jNF5pliKTOhg6Gp_-nUqJCNEEbSKvj4yYoX4pDzMdqBCUSr_6mphyRSpZMQCt06QJyTuhdXgk3dc0bDJeQi4j1z_TOzgdyvNTMa0eI49omHLbBkTPGzlH7il-J2P7ZNH-YcOIc-dbTPpPh_0QR-Lz6bXQwifux4MEik_lTTIOhj-3ARi-gi2KCfOHTu3sjbkmJXEFuHuRNUs8KnovqV_Ft3_IkinX9Utye-bGyG3lVlA_fj85LMBc7BIFJv87F7axNbnEHvxJJdaJFPtvNxk9nlde2ozBDIcBohEQkKkEowRlDn2ycmqLA-lbkYImz9_KTUDHxNiupGPfp3Xw6KhfjDqCl2gbItnpzL5M2DaiLYPmEJctOk75CMubBBvv-1912VEAdybQIJP9L5KLrkrXrNGledpcaks7QrJ3LcJ_MPEjlYTuizyvPzFg0_F2AqLmpq7weweYtzjx_fuDgWVWyOOkNIsYL9RSatUQt1vkAn4T8CcMBJVg0eQ5wVC-D7_QkgdMSKCuJuRM5HSgjwebvHFR-kGO7j-g4OwgCBzAddkkaqnA3wW1xwzUSu5VUfFtsWUFR4Enu5kKCTc44rFZKbP1iIIYzXYuHsmw3ZmQ8QZtrezrc89SR3MxS23uYuI_97jBIIghcLoAf-cfYEUi8yq2GdcnJ51e5yW44zr2bdPyDZYRB37QT414i9IW-ZHHEA.xNie0NxehOYmrJpO1djInuTLGEjsagb7Lz6YXE9IkoQ",
  "access_token": "eyJhbGciOiJBMjU2S1ciLCJlbmMiOiJBMjU2Q0JDLUhTNTEyIiwidHlwIjoiSldUIiwiY3R5IjoiSldUIn0.4CHB8JDacBhvfBTCsJ5tsokV5qsJ5y7hVjB3bBAWusDvh7XdLGlMLf3ox0CP0w__kZZu8T4exIvMZmD9brKO-vstmDB8PpNb.G6O-VgOuUu9HjoyhAfyU9g.UE8lX0Tf8mra-jVAfmz3Xbb5nmFktbpQnmpj1oSmeDnZZrKdEjyfjZ61POo5xp-1kwVug_64rY8zQxGoZz85dkE8YDF7rDkef-K7YpqM3ruRRsdn1ZuR0q9Ye3s6fthfKhvypxx9vBPe6__qpvwPPZb-nX2i2jp8MWPRF2A6Xv32r6Af90pYsmEUJwcKnnd7GIJaSOJhLHvuKNEF67jkamx_JCsNutYehcGfOTajrKxZMFSdbqIqmc-_bZXnxR5zG-HbuaDRS4bmI7ytg67pVD9MK6MlOjt8L3r8ZEu2OMYXLh2-3qoEVNquH0urY1DxJJAE-atr8S4fEERO-zlXvpk5YZocgrPUNuU-mG5Htu2cotDGsQoigAqI7D4415fLsP0aYuowTEEizXstyPk9YBoA-q8jcVSWwLa71F1Ffpylnk59-5oFbeR_-5QYiaLatDD-l35wt80PQFWMHr0Q6_UNvVKdhMSW8x4VOOfxutpx_oF9Jzoba_nGfmD7NmLeDC71BzVsWl5QJUXbDevbL4QGJP9KScA9CU8gjd8gcaI_vf56C3tAkpakGsQEX_lq7QGkRFBOOmAfqcCqPl5YxQxKVcZqSkerbEksRvcrp6SnUHt0Vkrfu4zvMyMzznjTHfFaQVQnmfwozDiJXs-svWtJauE5Sf3P08wyjrChORivjRQFszRjh79dAS0kZdmw3-ih2pxCc3CQ8_V6udt0xml6AsTsSfgy3BMmdGuoHJVK84K1a4xpa3QAaIG2RZrXF0_4mg7_pkv1b_c2mrkJSs2Kyxtezp3TxXrgaXLsUfnLyIsKPtFBZEuRL9g_gXCqJnLwVs5WVORjHHdXK29-ITpLbAlSEpxQvztPUKFgUCUaBeP1tC5PqdsTtNpqCO1txpYKTzZz-SAWRiGQi0INdvG9Wn72ktVbgtEaM6fQLwXV3-eyCrbSdhVzGnhCfR3PKsqAs6kREkF4J4LGA0IPoEFEYNw5XgZI_TNGkSnfDuqwdYpORTm6ywGhYsMxz2ZQpe8G7zysLhXu3jpy9lC_zeL_GxS8wuwpOQXeIhr1a1fnSGXCSI9jtHeqctQxkEm2fIEOeREq6VYYmFfmT6exFUPKGuBYJQrzFqqHnVzrYEtyjVd3aJo8dHb-x-LVsGX-4yoRg0DYWwqyPTudDZh_nMv3kljgtncoBbhuDx5Ny-PVlgUz2c797zaH6GwxZsWvW0FJThqACD20JiHQk3YMMBv5Pad1OKtOIgEltasmp7oyddulXjLK-7HYlcbO5g5uJUxwdpogGMK8VsvnSgrqwq73FD2ESNSDigmDctsXfRB1mzfi9gPCCHFMhzqaeJ-rB7C527-__F1i5GavcD80deSWRELpJXdQAznQQzzc0K9bNyC7sKwGmst-zQGU3EBCtJuFP7gAgct7VCkRjaEf6bx5lsDHPuodW3f48Bv1_KrosCNPGsooObI0BibWUhYvpsLjoUncDEbw_nwzFXGO5xR064w_cjsK7_7DXjJrLqyKHV_aoyjye_cWRt7xF5bv-uvwqreXGazEP9jKl-BjTUqhtf1Qu9GDnHhLlkrKD7I.Ap0X9kggGcSyYIgwcShpRqmSSaaBafXb3L50x9oWA9U",
  "expires_in": 604800,
  "token_type": "Bearer",
  "refresh_token": "056999BCCC959DF605DB330DEB79296411002E7E9D27D27B57634F59D48A0F2A",
  "scope": "openid scope.obs-plus.shop scope.obs-plus.user offline_access"
}
To Local File:token.bin  
2026-09-25 21:47:14 INFO HttpSpeedTester - Domain:obsworks Url:https://oauth.obsworks.com/api/session Test TotalCount:3 SuccessCount:3 FailureCount:0 AverageResponseTime:692 ms  
2026-09-25 21:47:14 INFO HttpSpeedTester - Domain:ourobs Url:https://oauth.ourobs.com/api/session Test TotalCount:3 SuccessCount:3 FailureCount:0 AverageResponseTime:2378 ms  
2026-09-25 21:47:14 INFO HttpSpeedTester - Primary domain:obsworks selected: SuccessCount 3 > 0  
2026-09-25 21:47:14 DEBUG AppHelper - Better Domain:obsworks  
2026-09-25 21:47:14 DEBUG PluginConfigService - End Init Plugin Config  
2026-09-25 21:47:14 INFO app - eval_k4  
2026-09-25 21:47:14 INFO app - eval_kb  
2026-09-25 21:47:14 INFO app - eval_ka  
2026-09-25 21:47:14 INFO app - eval_k9  
2026-09-25 21:47:14 INFO app - eval_r0  
2026-09-25 21:47:14 INFO app - eval_rz  
2026-09-25 21:47:14 INFO app - eval_rc  
2026-09-25 21:47:14 INFO app - eval_rj  
2026-09-25 21:47:14 INFO app - eval_rx  
2026-09-25 21:47:14 INFO app - eval_rv  
2026-09-25 21:47:14 INFO app - eval_rf  
2026-09-25 21:47:14 INFO app - eval_yt  
2026-09-25 21:47:14 INFO app - eval_yc  
2026-09-25 21:47:14 INFO app - eval_va  
2026-09-25 21:47:14 DEBUG app - 应用程序初始化耗时：14,0456011秒  
2026-09-25 21:47:14 DEBUG RemoteContentProvider - C:\Users\fourk\AppData\Roaming\obsplus\locale\ui-en-US.json Not Be Modified, Return It's Content  
2026-09-25 21:47:14 DEBUG LocaleProvider - Init Server Locale:ui-en-US Count:240  
2026-09-25 21:47:14 DEBUG ShopService - LocalProvider Update Completed, Update Plugin List  
2026-09-25 21:47:15 DEBUG ShopService - this.briefCDNResults is null, RequestPluginCDNList  
2026-09-25 21:47:15 DEBUG ShopService - Request Plugins CDN Description:allinfo-en-US  
2026-09-25 21:47:15 DEBUG app - http://localhost:56781  
2026-09-25 21:47:15 DEBUG RemoteContentProvider - C:\Users\fourk\AppData\Roaming\obsplus\locale\allinfo-en-US.json Not Be Modified, Return It's Content  
2026-09-25 21:47:15 DEBUG ShopService - GetPluginList From Init End, Use Total 9,6507941s  
2026-09-25 21:47:15 DEBUG OBSPlusHelper - 账户已登录  
2026-09-25 21:47:15 DEBUG OBSPLUSAPP - LoginService.IsReady:True, Close Load Window  
2026-09-25 21:47:15 DEBUG ShopService - GetPluginList From UserLogin Start  
2026-09-25 21:47:15 DEBUG Main - Init -> GetPluginList  
2026-09-25 21:47:15 DEBUG Main - OBS所在屏幕的工作区域为：1920x1032，安全的窗口高度为：980,4，插件中心窗口默认高度为：758，在此屏幕上高度设为：758  
2026-09-25 21:47:15 DEBUG Main - UserLoginSuccess -> GetPluginList  
2026-09-25 21:47:15 DEBUG Main - 加载插件列表开始  
2026-09-25 21:47:16 DEBUG OBSPlusHelper - request_payment plugin_id:obs-cam-beauty source_id:camera_beauty_source functional_id:1  
2026-09-25 21:47:16 DEBUG ShopService - GetPluginList From UserLogin End, Use Total 0,2351315s  
2026-09-25 21:47:16 DEBUG SoftwareGreenInstallService - Start Init Green Software Config  
2026-09-25 21:47:16 DEBUG Main - 加载插件列表 获取插件列表数据开始  
2026-09-25 21:47:16 DEBUG Main - 加载插件列表 获取插件列表数据结束，ServerPlugins Count:69  
2026-09-25 21:47:16 DEBUG SoftwareInstallService - registry avermediacolorkeypro uninstall path:  
2026-09-25 21:47:16 DEBUG SoftwareInstallService - registry avermediabgremoval uninstall path:  
2026-09-25 21:47:16 DEBUG SoftwareInstallService - registry avermediacoloreditorpro uninstall path:  
2026-09-25 21:47:16 DEBUG Main - 加载插件列表 实例化插件列表数据结束，AllPlugins Count:69  
2026-09-25 21:47:16 DEBUG Main - 加载插件列表结束，ShowPlugins Count:67，耗时0,6267652s  
2026-09-25 21:47:17 DEBUG LoginMessageHandler - publish login message to all plugins  
2026-09-25 21:47:17 DEBUG LoginService - Update OpenId Equal Value Don't Need Update  
2026-09-25 21:47:17 DEBUG Main - 获取插件分类数据结束，ServerCategories Count:9  
2026-09-25 21:47:17 INFO Main - GetPluginList Canceled  
2026-09-25 21:47:17 DEBUG SoftwareGreenInstallService - End Init Green Software Config  
2026-09-25 21:47:17 DEBUG Main - Start Refresh Plugin Data  
2026-09-25 21:47:17 DEBUG WindowManager - Register Window:Charge  
2026-09-25 21:47:20 DEBUG OBSPLUSAPP - currentDir:C:\Program Files\obs-studio\bin\64bit, rootDir:C:\Program Files\obs-studio  
2026-09-25 21:47:20 DEBUG OBSPLUSAPP - Change --palette_link value:var(--blue2) to:rgb(77,166,255)  
2026-09-25 21:47:20 DEBUG OBSPLUSAPP - Change --palette_linkVisited value:var(--blue2) to:rgb(77,166,255)  
2026-09-25 21:47:20 ERROR OBSPLUSAPP - ModifyOBSTheme C:\Program Files\obs-studio\data\obs-studio\themes\Yami.obt Exception:Access to the path 'C:\Program Files\obs-studio\data\obs-studio\themes\Yami.obt' is denied.  
2026-09-25 21:47:20 DEBUG OBSPLUSAPP - C:\ProgramData\obs-studio\plugins\obsplus\bin\32bit\obsplus.dll sign time:29/07/2026 13:29:08  
2026-09-25 21:47:20 DEBUG OBSPLUSAPP - C:\ProgramData\obs-studio\plugins\obsplus\bin\64bit\obsplus.dll sign time:29/07/2026 13:29:12  
2026-09-25 21:47:20 DEBUG OBSPLUSAPP - NV baseProfile.Settings.Level Is NULL(Default State)  
2026-09-25 21:47:20 DEBUG OBSPLUSAPP - nv setting is right, don't need tip  
2026-09-25 21:47:35 DEBUG WindowManager - Window:Charge Closed  
2026-09-25 21:47:35 DEBUG WindowManager - Remove Window:Charge Result:True  
2026-09-25 21:47:40 DEBUG OBSPlusHelper - Receive obs_exit Signal  
2026-09-25 22:42:15 DEBUG app - core.config.json  
2026-09-25 22:42:15 DEBUG ProxyMonitor - Proxy refresh started. Reason=startup  
2026-09-25 22:42:16 DEBUG DefaultUserProxySource - Get Local Config Proxy Success  
2026-09-25 22:42:16 DEBUG DefaultUserProxySource - Get Server Config Proxy Success  
2026-09-25 22:42:16 DEBUG ProxyMonitor - Proxy refresh started. Reason=proxy ready  
2026-09-25 22:42:17 DEBUG ProxyMonitor - Direct： AverageTime=578ms (1 iterations)  
2026-09-25 22:42:17 DEBUG ProxyMonitor - faster proxy: Direct   
2026-09-25 22:42:17 DEBUG ProxyMonitor - Direct： AverageTime=793ms (1 iterations)  
2026-09-25 22:42:17 DEBUG ProxyMonitor - faster proxy: Direct   
2026-09-25 22:42:17 INFO app - eval_v  
2026-09-25 22:42:17 DEBUG AppHelper - Current Model:Release  
2026-09-25 22:42:17 DEBUG AppHelper - Current Process Is NOT Admin  
2026-09-25 22:42:17 DEBUG AppHelper - Current App Version:1.0.194.0  
2026-09-25 22:42:17 DEBUG AppConfig - Start init app config  
2026-09-25 22:42:17 DEBUG LocaleProvider - Init Start, Wait Ready  
2026-09-25 22:42:17 DEBUG LocaleProvider - OBS Use Language:en-US，LocaleProvider Use Language:en-US  
2026-09-25 22:42:17 DEBUG LocaleProvider - Init Inner Locale:zh-CN Count:240  
2026-09-25 22:42:17 DEBUG LocaleProvider - Init End, Ready Set  
2026-09-25 22:42:17 DEBUG OBSPlusHelper - obs is ready:True  
2026-09-25 22:42:17 DEBUG ShopService - GetPluginList From Init Start  
2026-09-25 22:42:17 DEBUG LoginService - Refresh Token Use Local File:token.bin Refresh_Token:056999BCCC959DF605DB330DEB79296411002E7E9D27D27B57634F59D48A0F2A  
2026-09-25 22:42:17 DEBUG PluginMessageControl - IsReady:True  
2026-09-25 22:42:18 DEBUG PluginConfigService - Start Init Plugin Config  
2026-09-25 22:42:21 DEBUG OBSPlusHelper - request login  
2026-09-25 22:42:26 DEBUG LoginService - Refresh Token Success  
2026-09-25 22:42:26 DEBUG LoginService - Save Token Json:
{
  "id_token": "eyJhbGciOiJBMjU2S1ciLCJlbmMiOiJBMjU2Q0JDLUhTNTEyIiwidHlwIjoiSldUIiwiY3R5IjoiSldUIn0.ti4Ccbo_GTa-6jw611IAVIZLDR79MFJJigUEIgSUfBRCvr6hm6KVnyo3H1R49CDXezX8DIvRqjt2mAL3dBoSep-jWQknJEhe.If61HYdxn_5fN_2frbYMEw.syVzOTQRiEfBwO9OcjGh4hSxT1QyM-ODzcXRjkKM62lLAi13oq6giHFjXGwWNiWG58PAN-yfZ3a6Qgr7ndSqyOsNz9WwfHt_CWrAMe1B4cf2njlOr1qepFLbQqFeEB7zeiS_D3Oe8ZnKFRgJfHBo9YjoFUOPwIF-CkeipFli6zmA8vDXkGEY1Zw174fYqGuG3fSzQiVu6TuPADOfHZJx_rzaP31NQJ87oTf2XBHAfHRiYTb8T4xRSs0TMgiWZuMWzoLVljVgpHZmwfuIjRN06-_zpezJoAnfgVyPDxqvgvuOQi3khQBmSQnTEzZxsTaL9tDetJRc3X2jCh7m4XnWludBkxVCbw1wvwF_o3SHnDZs4nP3ugsr1yNPVrwKeZkzVIhHTueYShkj0MSsOsY9IkzvmTKiFeoDrsiCPLzQ16Vx0SIQ6TvJPuYwhl0nAxsFu6UoIXgoGDP6LLHv7WvztCcMd2hI4rtyPxqDnJNgB37W2M08xCc-e7ypST-7MQY5-b_96Q99H6hxObt2T9K5W45MlmXEbMacZhYeSsJi91Z-tpNsNuzFX3Pn8QrLNCKYEGUM7fGL-HOjTRwrvdOljVWWeBvCm9gP32qjc-uV3cww07H4R_jqdAeKiNEcP_Z3bdLolJlb5Hgt9ZjRZ7u890VzUyjnXBZbIGRpSBwPsHZLs7J6y_q8i2v-3_oQXSLblFTFn8-utZLM0UnDY1T1_IO39--qkVmTFCrjofcI4uXVd_6TYs0OT9xcR1_4pguqRJUuOu7id9V7uPQK3_duyzCVgZOY-1H9LXZZ9kzfmZlk5tY3C7Db-NCqjsWpN6ulRW4C_xPuvDPZqh9DegkFGWtObW8AN_GJO8cI8TCIRt-eCF7S6M2-CIfMZoccLE-MhZKZaRQguXiW09Ia8dUSUrByj1bioTCakM9te-j79eVq_zPY8arf1PmoiP-CAw1PMFGSISA8FhSc-CCj9UZeKQ.fGC_LcsVwDeZMNpZrJhptEtQVyJ2BJXfs0w41lLmnDk",
  "access_token": "eyJhbGciOiJBMjU2S1ciLCJlbmMiOiJBMjU2Q0JDLUhTNTEyIiwidHlwIjoiSldUIiwiY3R5IjoiSldUIn0.fF13LugybuO7Cb7C4jvmzmhdxDvCLsdXJWz-5gNhtgf9bteqNkCb_tOopWptsj4xdI13l5JQ2Mwycqk6wvQIiuVE-uRzEUx_.bjvRSpZiocRBWVK5Uq6xAw.SKBBHjPlIV7mWPqdmWAkDLciKXQQipU8v4yUqvp91XcdDoffFs_tCbCxz_wDkoS1MlQofJqY9NgLA0tOelwjUOTimTNreTVywL4amZVIAPpvFSl4-NB8ToA3sowK2tVhuflyoSCpy2In2K0Q5ESSj_Ijwzk-8Lgjdk-iS0r6TYgLbIiIfl-riMYotaLoAKBRM_WopjV66Z4YMcMekNB_KBiB0k5PEbe5Q7omgy1evgmEkxmITFIuTvtQFGPtwWoILLtYCBIyf-FhKjSVA5eMA3lFMDYvK03Htl-Q7mYbtb8Hp3rDXakhfN59HJxBDeR3Yr7PIwvHQBdrSOryk_yV5uq0OWJk9f7Nfwoo1ZltzuVWiiMxULGJdxRTi_7GjU2PdILo0D8mgwPlP5EDQuMBHer-Mi9EPbjplTlYL56pbAca5xrFY1xn-UhxHd2x2cJulskLCeer6QiILFY4tf2vqcnm0-_BFq-P-IGwzXIrnC4BmnKEowLMMqie3qbvHDv4Xtdj_J3Ik0rj8VY9IZWrcHPoYb2d8XUNI3O98YP7A2_6onALxUHjKXgQ1zZdK_OQzZegBFHmEu0Uad4LeKtyOBYM6L69BHZRoC5yBEMWddYN1LnAcItuYCM6R_QDgILijFotLm13oMYZeplCwd40fN1_mNUxdjujLEv3f2Lap3vSAjVkSSDtm9L_W2JYEQ0srDklqyrV9iY9yUZIcWoK64CweWLtoofOrUsl7iN90PhrDbMKuB0_L9DTalxGbO03E2urLgCHRIPe-6pFIs764_pLhBbCQU2z-7hzbV-zFo8nzLy20Pw5xJKIZuJgNQIX77V3Zr8PLN0Sl_umOpZVjiwPbNL7T4x9afiRRtAiQgf5AtEoWGG1B-Sil1vmR9F_U8iGltL5wNdKd41eIkVkHg3fU12dyTBfZMJvZOX3SuQi7OuoRItqkOyCDtqBMvBGzU2AUYyg89U9pD95W8cInig-Fzc3FnU6j4u9IL3wER-uTPYZbzj_BbBo0hlhDn2VSsaQPTOXE1Yxp3wOZ58PzNmDJ6eLBc-dRzVUyQ4ScIRHYUL6Abtw3ChoHpf9N7ybNbClJ5BVAgmKHDb72aq9BcTw_6vJ5YqQh5CQkbwJax8o-2xPGMgEGFRNP5tVh85p78ygueoTC9B5G4dJvpsmx-fhy6ADMTu30daUaXEU_d64JcdmcMbNmW4X6Cmv7Nt40ofTN4Y5UOkkeK-9rmjn8M_H_IvjZF1SXss00nxC8up8grXpqR84o_OvPy08IfzIYfvpsU-k6k2QEj1St4qFnUNkcd63mmW2sL43Cjxn05qYrC_H_wc4hZNZiyPh2RlvuLNBDeYPgVf3PCZmMI2AMAyB5NTYWt_PoXMe2jhw48iVkPZuyosKyIV2eRutH6UsWi6ma9sAk0fE2u-MbI_cBYc7yOoGadvP9d8RZQl3_4feS0OYK-oOXZyAMYS5RPqEY-hO4y8JySKIvX3HX4_8ZXpKptNj4t_qAB7d7i_u8ry607j7r1pFzObnETFPDI6gcetJ23A8DhTtW6HIeRJytiIX8wJGOYAjm3vJKL_-6r0.HH3xSR6nLyOUpCps65Fk6UzNIYg5ER5rU3ZGSB66RW0",
  "expires_in": 604800,
  "token_type": "Bearer",
  "refresh_token": "5427157241FFE28C691A63C10BBBE6BD552E7EC67206F320565CE1DDAF6936C3",
  "scope": "openid scope.obs-plus.shop scope.obs-plus.user offline_access"
}
To Local File:token.bin  
2026-09-25 22:42:26 INFO HttpSpeedTester - Domain:obsworks Url:https://oauth.obsworks.com/api/session Test TotalCount:3 SuccessCount:3 FailureCount:0 AverageResponseTime:1173 ms  
2026-09-25 22:42:26 INFO HttpSpeedTester - Domain:ourobs Url:https://oauth.ourobs.com/api/session Test TotalCount:3 SuccessCount:3 FailureCount:0 AverageResponseTime:1404 ms  
2026-09-25 22:42:26 INFO HttpSpeedTester - Primary domain:obsworks selected: SuccessCount 3 > 0  
2026-09-25 22:42:26 DEBUG AppHelper - Better Domain:obsworks  
2026-09-25 22:42:26 DEBUG PluginConfigService - End Init Plugin Config  
2026-09-25 22:42:26 INFO app - eval_k4  
2026-09-25 22:42:26 INFO app - eval_kb  
2026-09-25 22:42:26 INFO app - eval_ka  
2026-09-25 22:42:26 INFO app - eval_k9  
2026-09-25 22:42:26 INFO app - eval_r0  
2026-09-25 22:42:26 INFO app - eval_rz  
2026-09-25 22:42:26 INFO app - eval_rc  
2026-09-25 22:42:26 INFO app - eval_rj  
2026-09-25 22:42:26 INFO app - eval_rx  
2026-09-25 22:42:26 INFO app - eval_rv  
2026-09-25 22:42:26 INFO app - eval_rf  
2026-09-25 22:42:26 INFO app - eval_yt  
2026-09-25 22:42:26 INFO app - eval_yc  
2026-09-25 22:42:26 INFO app - eval_va  
2026-09-25 22:42:26 DEBUG app - 应用程序初始化耗时：12,0974671秒  
2026-09-25 22:42:26 DEBUG RemoteContentProvider - C:\Users\fourk\AppData\Roaming\obsplus\locale\ui-en-US.json Not Be Modified, Return It's Content  
2026-09-25 22:42:26 DEBUG LocaleProvider - Init Server Locale:ui-en-US Count:240  
2026-09-25 22:42:26 DEBUG ShopService - LocalProvider Update Completed, Update Plugin List  
2026-09-25 22:42:27 DEBUG app - http://localhost:57077  
2026-09-25 22:42:27 DEBUG OBSPLUSAPP - LoginService.IsReady:True, Close Load Window  
2026-09-25 22:42:27 DEBUG ShopService - this.briefCDNResults is null, RequestPluginCDNList  
2026-09-25 22:42:27 DEBUG ShopService - Request Plugins CDN Description:allinfo-en-US  
2026-09-25 22:42:28 DEBUG WindowManager - Register Window:Load  
2026-09-25 22:42:28 DEBUG RemoteContentProvider - C:\Users\fourk\AppData\Roaming\obsplus\locale\allinfo-en-US.json Not Be Modified, Return It's Content  
2026-09-25 22:42:28 DEBUG ShopService - GetPluginList From Init End, Use Total 10,3182308s  
2026-09-25 22:42:28 DEBUG ShopService - GetPluginList From UserLogin Start  
2026-09-25 22:42:28 DEBUG Main - Init -> GetPluginList  
2026-09-25 22:42:28 DEBUG Main - OBS所在屏幕的工作区域为：1920x1032，安全的窗口高度为：980,4，插件中心窗口默认高度为：758，在此屏幕上高度设为：758  
2026-09-25 22:42:28 DEBUG SoftwareGreenInstallService - Start Init Green Software Config  
2026-09-25 22:42:28 DEBUG WindowManager - Window:Load Closed  
2026-09-25 22:42:28 DEBUG WindowManager - Remove Window:Load Result:True  
2026-09-25 22:42:28 DEBUG Main - UserLoginSuccess -> GetPluginList  
2026-09-25 22:42:28 DEBUG Main - 加载插件列表开始  
2026-09-25 22:42:28 DEBUG ShopService - GetPluginList From UserLogin End, Use Total 0,2765591s  
2026-09-25 22:42:28 DEBUG Main - 加载插件列表 获取插件列表数据开始  
2026-09-25 22:42:28 DEBUG Main - 加载插件列表 获取插件列表数据结束，ServerPlugins Count:69  
2026-09-25 22:42:28 DEBUG SoftwareInstallService - registry avermediacolorkeypro uninstall path:  
2026-09-25 22:42:28 DEBUG SoftwareInstallService - registry avermediabgremoval uninstall path:  
2026-09-25 22:42:28 DEBUG SoftwareInstallService - registry avermediacoloreditorpro uninstall path:  
2026-09-25 22:42:28 DEBUG Main - 加载插件列表 实例化插件列表数据结束，AllPlugins Count:69  
2026-09-25 22:42:28 DEBUG Main - 加载插件列表结束，ShowPlugins Count:67，耗时0,6688531s  
2026-09-25 22:42:28 DEBUG LoginService - Update OpenId Equal Value Don't Need Update  
2026-09-25 22:42:28 DEBUG Main - 获取插件分类数据结束，ServerCategories Count:9  
2026-09-25 22:42:28 INFO Main - GetPluginList Canceled  
2026-09-25 22:42:28 DEBUG SoftwareGreenInstallService - End Init Green Software Config  
2026-09-25 22:42:29 DEBUG LoginMessageHandler - publish login message to all plugins  
2026-09-25 22:42:32 DEBUG OBSPLUSAPP - currentDir:C:\Program Files\obs-studio\bin\64bit, rootDir:C:\Program Files\obs-studio  
2026-09-25 22:42:32 DEBUG OBSPLUSAPP - Change --palette_link value:var(--blue2) to:rgb(77,166,255)  
2026-09-25 22:42:32 DEBUG OBSPLUSAPP - Change --palette_linkVisited value:var(--blue2) to:rgb(77,166,255)  
2026-09-25 22:42:32 ERROR OBSPLUSAPP - ModifyOBSTheme C:\Program Files\obs-studio\data\obs-studio\themes\Yami.obt Exception:Access to the path 'C:\Program Files\obs-studio\data\obs-studio\themes\Yami.obt' is denied.  
2026-09-25 22:42:32 DEBUG OBSPLUSAPP - C:\ProgramData\obs-studio\plugins\obsplus\bin\32bit\obsplus.dll sign time:29/07/2026 13:29:08  
2026-09-25 22:42:32 DEBUG OBSPLUSAPP - C:\ProgramData\obs-studio\plugins\obsplus\bin\64bit\obsplus.dll sign time:29/07/2026 13:29:12  
2026-09-25 22:42:33 DEBUG OBSPLUSAPP - NV baseProfile.Settings.Level Is NULL(Default State)  
2026-09-25 22:42:33 DEBUG OBSPLUSAPP - nv setting is right, don't need tip  
2026-09-25 22:46:08 DEBUG OBSPlusHelper - Receive obs_exit Signal  
2026-09-25 23:45:35 DEBUG app - core.config.json  
2026-09-25 23:45:35 DEBUG ProxyMonitor - Proxy refresh started. Reason=startup  
2026-09-25 23:45:36 DEBUG DefaultUserProxySource - Get Local Config Proxy Success  
2026-09-25 23:45:36 DEBUG DefaultUserProxySource - Get Server Config Proxy Success  
2026-09-25 23:45:36 DEBUG ProxyMonitor - Proxy refresh started. Reason=proxy ready  
2026-09-25 23:45:37 DEBUG ProxyMonitor - Direct： AverageTime=1136ms (1 iterations)  
2026-09-25 23:45:37 DEBUG ProxyMonitor - faster proxy: Direct   
2026-09-25 23:45:38 DEBUG ProxyMonitor - Http：http://gateway.obshelp.com:10080 AverageTime=2278ms (1 iterations)  
2026-09-25 23:45:38 DEBUG ProxyMonitor - faster proxy: Direct   
2026-09-25 23:45:38 INFO app - eval_v  
2026-09-25 23:45:39 DEBUG AppHelper - Current Model:Release  
2026-09-25 23:45:39 DEBUG AppHelper - Current Process Is NOT Admin  
2026-09-25 23:45:39 DEBUG AppHelper - Current App Version:1.0.194.0  
2026-09-25 23:45:39 DEBUG AppConfig - Start init app config  
2026-09-25 23:45:39 DEBUG LocaleProvider - Init Start, Wait Ready  
2026-09-25 23:45:39 DEBUG LocaleProvider - OBS Use Language:en-US，LocaleProvider Use Language:en-US  
2026-09-25 23:45:39 DEBUG LocaleProvider - Init Inner Locale:zh-CN Count:240  
2026-09-25 23:45:39 DEBUG LocaleProvider - Init End, Ready Set  
2026-09-25 23:45:39 DEBUG OBSPlusHelper - obs is ready:True  
2026-09-25 23:45:39 DEBUG ShopService - GetPluginList From Init Start  
2026-09-25 23:45:39 DEBUG LoginService - Refresh Token Use Local File:token.bin Refresh_Token:5427157241FFE28C691A63C10BBBE6BD552E7EC67206F320565CE1DDAF6936C3  
2026-09-25 23:45:39 DEBUG PluginMessageControl - IsReady:True  
2026-09-25 23:45:39 DEBUG PluginConfigService - Start Init Plugin Config  
2026-09-25 23:45:41 DEBUG OBSPlusHelper - request login  
2026-09-25 23:45:43 DEBUG LoginService - Refresh Token Success  
2026-09-25 23:45:43 DEBUG LoginService - Save Token Json:
{
  "id_token": "eyJhbGciOiJBMjU2S1ciLCJlbmMiOiJBMjU2Q0JDLUhTNTEyIiwidHlwIjoiSldUIiwiY3R5IjoiSldUIn0.tpP3N4VniwchSSTjscLEX92BhbVE4-6jFxcmGXAXmyb6kYlexSUi8M3kKvh7Wwv_0uLb_mP-7TMzlzGfFynp11IAvI15nYTU.Rvj8Gl2lL3OOl5k4l9FSZA.AiqI7V9JuetXBnsNt4iz8DA9mxoXx1OZFLVXTAd_8tLzX-lw2G2BGevWZSUktQfuIMntq9ZBXBhoxFkc7tq94eDHz9aYkbPUAHzm_Ci-NVNWNgZ4gD_ypsTpfK3v5dVuBgQtnB7XDuBP1bI0Tp3DaiFAhsN6AovmEmAGXuDwHHYo56abTMG-j8OgLusKZdVwzlbriwTetK_6QOOjjzB5Ls02pZuUIVxd6L8br4x8AkngAim_Vb5DQgudHZevEPm2HQZ8h13M0Av4MDiNHiASIY53NAZPZYnokYSUUYNSaoLZNx4ycfiqosNv8IY1h-MrJ4pdKGVsuI91aUxCvYrXWKRVJNnNoRrQUDDJBjRGSrWXMZFNeWgZQvX5aQKeO1IQ97lgA8Ls0lribHr1cmLj39R75E3Q9ZiCnynCFF0JOKq5tv1Zz51perWt3PjyfXPkSrEeECzyLZpq3r9bS_2wZEm3WySQ1B1S_GPAT6Xz_CCfqOnOgqgqu_chUe5IVinM24_oNrKmuy-MN7qMEErPPIWa9ArnxRoVcvAc2jMJaL-2hLICqGks9a6N1d7DCvjnrHuDS2dhlLPjP7_i9GrQ62Jf6u9qOo8VwHVBzW_v4TdG6Dsl-WFImvF8BrqOiLo206PhCJMWeB37_0rLzRUGC4adfbJZHuZDJERjor1Lpp75estCcNCZNEBuYtCXx38156dRjyJUmH_g1mixROA_z8eVZy8E9L3aDrLXUjmLRSubQkgh-Q6ciY9bI_QNr9x_kcdoRE57ojpqQIsBOqtQ1rN_U7K2d9t0LPZkcH7taNTI6ihL3yDmVOl81M7ywkn92SZ5cGfOhxDnmco5VSgrb2sKFPZaEP205G6ap1cui_B1tlXan8yoLRS2OzLhPvLjQ8RnIH8zHG7ni8n4xh0dWcFQchixWZFkk5Xz9jnVTYybokf-6fYbj3ubhEET5-R9S5QNayz-aOcbNuYo3yZ96Q.XVuYeFYFg4s2NP99RAk6BcqGU3l1VTTu8tpHZX3I_uM",
  "access_token": "eyJhbGciOiJBMjU2S1ciLCJlbmMiOiJBMjU2Q0JDLUhTNTEyIiwidHlwIjoiSldUIiwiY3R5IjoiSldUIn0.vQVyukxyEn-pKLh1imdktzX9c815G0-DRUAlOa1sIy9sO7dBUaPp84QaHvDK1GKjDNi_e8iYVHQvFzKUWrv5Ql2urRO9pn1a.winkxs8aaf8WiJWeVSQsSQ.gJ3ycEFLelgbUZ8BdILU8_foimRIQ8wEc6OKhRBK7CPFwWtZXQn2xf9ne7Nl327cj6j3CL_kmkF9vEBIULL4ybNq3A9wXEmSyCVV6j-4m2wIw4v8vi2JHi9nXQy5821v4qHSnlL1jNffCLnxZuVR36XxgOsVfT2LrRmACWyIUmI6Osf4NNM04LsUhSGWi5C9SEVAO7L5Bgjn7QS9soYUOBmeMQkLFdhh-med-imvRIePD6A_X6p13gIkt-2uxCLb4_56YON3Oc3awXy_EwvmaNMssF_HblNu-HQ-i2IEpDunGgg2Kr8Uz7qouPjTPfJb-klCS8gNWnIbK2q4Tf6HSpZDZ3ywlDoGEHViSXVSpduuBtmnSNDaxhVIDkvvgamyf6rj5GZDx0w55DAPzrk13_Uy9QCM0_oK_44kG0AGYEsHO6pEf4WPLRBIwV3Ndcix2Rdd6nbcp9cBodWfpIrGmJ-yKzERIkcndVcpRn4OzYhS4nz2wMnNEyAnMntCVXmaZSeR5IPFD0Y93kDQW3QbrDdK4uwTfRQY_UJCkMuRmX-serP0LxW1Pl4Vrnw1YZiPlxYZMtIxTxHCTCh_nclv1thtKI8I2iOG0c-pHf0zFiVk81X4O0Wo_ZouOVHwP_t9gEEkrls9QyHMFrgyBNoogmnbzNXKPG3YoottIa7Yq3NiyCyrXwy-0lqrl0SG7EBggTkTpgSa2oYT2XyN_3z0SCtM6hTXPTYSUVWdH04UQmpo6ShDJy0KCjljyvD6D1hI2fLKYdOqQDPeS5ayIva_Ab4HIsP5_ll2P6ja9V3o87tlmuNcxe3pLZxKJRGtCx-iX4ogqfnZkL432Iod89occ901sDnV3bL-tCyWHCEJYiw2LnHmRufbyX2wBzFnMqxV_xDGj2G2u3RFiwovYQ1SkuyIuvY1VgP1p-axexTE2GtbTnlM5GsZREe5P8KZtJMH378mVkZmRHB815XUpgZI8EFHaXEiUYrS9Uo0CAL4-Vb5nryqrJbBRSkOosSR2DWDDS7M4rkxxGFkNJMP9yaFUKlZiCstNuzve_U8s6f6cUC_tQ-6wZ1yTGVPk6xZkI--jilUmClOJK6iXwsfwazE_0kD4KPu1wOwUvlDczoY-4vVIPHf06PoNjPFgYVAJY1Y0Ht8i92SEGZRm4N1exxhbVc0emNZRxmqPw8fpLnTJuqKHDdaSNOe4PI_ByMtSObHm1cTBp-EdZoy5cGkFvzQ4ZWi-VOWqHKPfvyhmbaPqblPCsEu3elOk_ySq1MYOYCZYX38X_kl_gR5KmcorPrKMiOz70XgxGE2y1TFwd8AWxYDLgD_9-ZIomShwIh83sm1pX1PlmKQ8n05Oy534grlJnuTgWS-D5f-oGPM-MY5PCMHnOnFv_8MNdTUe90riGeXmDeGDKcqcFE93XZeJyiDSLkQOKaSPuUSwVjrE9AIf5Upeyj1X9nWl38_SyhgaMVxdtaBMfI5dOOjA3s1J9F_kJIoZcVk2AiGMGPq4tN9qS7W8B4rKT9-Nx8S4i_G0I3cj5O26X222jcpPGRu72o3kErEbBiwerE0KOOsnkFCBfc.co9xP8x8-QKiYeCVTiM_i8vp3HzDgAMNZOX_PsKYCyE",
  "expires_in": 604800,
  "token_type": "Bearer",
  "refresh_token": "86090B81E890950D1E3051A567FC93EA41F872630937AA535686A769BD75A8F4",
  "scope": "openid scope.obs-plus.shop scope.obs-plus.user offline_access"
}
To Local File:token.bin  
2026-09-25 23:45:45 INFO HttpSpeedTester - Domain:obsworks Url:https://oauth.obsworks.com/api/session Test TotalCount:3 SuccessCount:3 FailureCount:0 AverageResponseTime:736 ms  
2026-09-25 23:45:45 INFO HttpSpeedTester - Domain:ourobs Url:https://oauth.ourobs.com/api/session Test TotalCount:3 SuccessCount:3 FailureCount:0 AverageResponseTime:1768 ms  
2026-09-25 23:45:45 INFO HttpSpeedTester - Primary domain:obsworks selected: SuccessCount 3 > 0  
2026-09-25 23:45:45 DEBUG AppHelper - Better Domain:obsworks  
2026-09-25 23:45:45 DEBUG PluginConfigService - End Init Plugin Config  
2026-09-25 23:45:45 INFO app - eval_k4  
2026-09-25 23:45:45 INFO app - eval_kb  
2026-09-25 23:45:45 INFO app - eval_ka  
2026-09-25 23:45:45 INFO app - eval_k9  
2026-09-25 23:45:45 INFO app - eval_r0  
2026-09-25 23:45:45 INFO app - eval_rz  
2026-09-25 23:45:45 INFO app - eval_rc  
2026-09-25 23:45:45 INFO app - eval_rj  
2026-09-25 23:45:45 INFO app - eval_rx  
2026-09-25 23:45:45 INFO app - eval_rv  
2026-09-25 23:45:45 INFO app - eval_rf  
2026-09-25 23:45:45 DEBUG ShopService - this.briefCDNResults is null, RequestPluginCDNList  
2026-09-25 23:45:45 INFO app - eval_yt  
2026-09-25 23:45:45 DEBUG ShopService - Request Plugins CDN Description:allinfo-en-US  
2026-09-25 23:45:45 INFO app - eval_yc  
2026-09-25 23:45:45 INFO app - eval_va  
2026-09-25 23:45:45 DEBUG app - 应用程序初始化耗时：11,0286563秒  
2026-09-25 23:45:46 DEBUG RemoteContentProvider - C:\Users\fourk\AppData\Roaming\obsplus\locale\allinfo-en-US.json Not Be Modified, Return It's Content  
2026-09-25 23:45:46 DEBUG ShopService - GetPluginList From Init End, Use Total 6,8596784s  
2026-09-25 23:45:46 DEBUG RemoteContentProvider - C:\Users\fourk\AppData\Roaming\obsplus\locale\ui-en-US.json Not Be Modified, Return It's Content  
2026-09-25 23:45:46 DEBUG LocaleProvider - Init Server Locale:ui-en-US Count:240  
2026-09-25 23:45:46 DEBUG ShopService - LocalProvider Update Completed, Update Plugin List  
2026-09-25 23:45:46 DEBUG app - http://localhost:54627  
2026-09-25 23:45:47 DEBUG OBSPLUSAPP - LoginService.IsReady:True, Close Load Window  
2026-09-25 23:45:47 DEBUG WindowManager - Register Window:Load  
2026-09-25 23:45:47 DEBUG ShopService - GetPluginList From UserLogin Start  
2026-09-25 23:45:47 DEBUG ShopService - GetPluginList From UserLogin End, Use Total 0,1613321s  
2026-09-25 23:45:47 DEBUG LoginService - Update OpenId Equal Value Don't Need Update  
2026-09-25 23:45:47 DEBUG Main - Init -> GetPluginList  
2026-09-25 23:45:47 DEBUG Main - OBS所在屏幕的工作区域为：1920x1032，安全的窗口高度为：980,4，插件中心窗口默认高度为：758，在此屏幕上高度设为：758  
2026-09-25 23:45:48 DEBUG SoftwareGreenInstallService - Start Init Green Software Config  
2026-09-25 23:45:48 DEBUG WindowManager - Window:Load Closed  
2026-09-25 23:45:48 DEBUG WindowManager - Remove Window:Load Result:True  
2026-09-25 23:45:50 DEBUG LoginMessageHandler - publish login message to all plugins  
2026-09-25 23:45:50 DEBUG Main - 获取插件分类数据结束，ServerCategories Count:9  
2026-09-25 23:45:50 DEBUG Main - 加载插件列表开始  
2026-09-25 23:45:50 DEBUG Main - 加载插件列表 获取插件列表数据开始  
2026-09-25 23:45:50 DEBUG Main - 加载插件列表 获取插件列表数据结束，ServerPlugins Count:69  
2026-09-25 23:45:50 DEBUG SoftwareInstallService - registry avermediacolorkeypro uninstall path:  
2026-09-25 23:45:50 DEBUG SoftwareInstallService - registry avermediabgremoval uninstall path:  
2026-09-25 23:45:50 DEBUG SoftwareInstallService - registry avermediacoloreditorpro uninstall path:  
2026-09-25 23:45:50 DEBUG Main - 加载插件列表 实例化插件列表数据结束，AllPlugins Count:69  
2026-09-25 23:45:50 DEBUG Main - 加载插件列表结束，ShowPlugins Count:67，耗时0,6479177s  
2026-09-25 23:45:50 DEBUG SoftwareGreenInstallService - End Init Green Software Config  
2026-09-25 23:45:51 DEBUG OBSPLUSAPP - currentDir:C:\Program Files\obs-studio\bin\64bit, rootDir:C:\Program Files\obs-studio  
2026-09-25 23:45:51 DEBUG OBSPLUSAPP - Change --palette_link value:var(--blue2) to:rgb(77,166,255)  
2026-09-25 23:45:51 DEBUG OBSPLUSAPP - Change --palette_linkVisited value:var(--blue2) to:rgb(77,166,255)  
2026-09-25 23:45:51 ERROR OBSPLUSAPP - ModifyOBSTheme C:\Program Files\obs-studio\data\obs-studio\themes\Yami.obt Exception:Access to the path 'C:\Program Files\obs-studio\data\obs-studio\themes\Yami.obt' is denied.  
2026-09-25 23:45:51 DEBUG OBSPLUSAPP - C:\ProgramData\obs-studio\plugins\obsplus\bin\32bit\obsplus.dll sign time:29/07/2026 13:29:08  
2026-09-25 23:45:51 DEBUG OBSPLUSAPP - C:\ProgramData\obs-studio\plugins\obsplus\bin\64bit\obsplus.dll sign time:29/07/2026 13:29:12  
2026-09-25 23:45:52 DEBUG OBSPLUSAPP - NV baseProfile.Settings.Level Is NULL(Default State)  
2026-09-25 23:45:52 DEBUG OBSPLUSAPP - nv setting is right, don't need tip  
2026-09-25 23:46:21 DEBUG OBSPlusHelper - request_payment plugin_id:obs-cam-beauty source_id:camera_beauty_source functional_id:1  
2026-09-25 23:46:22 DEBUG Main - Start Refresh Plugin Data  
2026-09-25 23:46:22 DEBUG WindowManager - Register Window:Charge  
2026-09-25 23:46:35 DEBUG WindowManager - Window:Charge Closed  
2026-09-25 23:46:35 DEBUG WindowManager - Remove Window:Charge Result:True  
2026-09-25 23:46:37 DEBUG OBSPlusHelper - Receive obs_exit Signal  
2026-09-25 23:49:19 DEBUG app - core.config.json  
2026-09-25 23:49:19 DEBUG ProxyMonitor - Proxy refresh started. Reason=startup  
2026-09-25 23:49:20 DEBUG DefaultUserProxySource - Get Server Config Proxy Success  
2026-09-25 23:49:20 DEBUG ProxyMonitor - Proxy refresh started. Reason=proxy ready  
2026-09-25 23:49:21 DEBUG ProxyMonitor - Direct： AverageTime=561ms (1 iterations)  
2026-09-25 23:49:21 DEBUG ProxyMonitor - faster proxy: Direct   
2026-09-25 23:49:21 INFO app - eval_v  
2026-09-25 23:49:21 DEBUG AppHelper - Current Model:Release  
2026-09-25 23:49:21 DEBUG AppHelper - Current Process Is NOT Admin  
2026-09-25 23:49:21 DEBUG AppHelper - Current App Version:1.0.194.0  
2026-09-25 23:49:21 DEBUG AppConfig - Start init app config  
2026-09-25 23:49:21 DEBUG LocaleProvider - Init Start, Wait Ready  
2026-09-25 23:49:21 DEBUG LocaleProvider - OBS Use Language:en-US，LocaleProvider Use Language:en-US  
2026-09-25 23:49:21 DEBUG LocaleProvider - Init Inner Locale:zh-CN Count:240  
2026-09-25 23:49:21 DEBUG LocaleProvider - Init End, Ready Set  
2026-09-25 23:49:21 DEBUG OBSPlusHelper - obs is ready:True  
2026-09-25 23:49:21 DEBUG ShopService - GetPluginList From Init Start  
2026-09-25 23:49:21 DEBUG LoginService - Refresh Token Use Local File:token.bin Refresh_Token:86090B81E890950D1E3051A567FC93EA41F872630937AA535686A769BD75A8F4  
2026-09-25 23:49:21 DEBUG PluginMessageControl - IsReady:True  
2026-09-25 23:49:21 DEBUG PluginConfigService - Start Init Plugin Config  
2026-09-25 23:49:22 DEBUG ProxyMonitor - Direct： AverageTime=1350ms (1 iterations)  
2026-09-25 23:49:22 DEBUG ProxyMonitor - faster proxy: Direct   
2026-09-25 23:49:25 DEBUG OBSPlusHelper - request login  
2026-09-25 23:49:28 DEBUG LoginService - Refresh Token Success  
2026-09-25 23:49:28 DEBUG LoginService - Save Token Json:
{
  "id_token": "eyJhbGciOiJBMjU2S1ciLCJlbmMiOiJBMjU2Q0JDLUhTNTEyIiwidHlwIjoiSldUIiwiY3R5IjoiSldUIn0.lrXIFZm3ENoz7MGGaKPHWiMhMT5vgI0-nGkgygBaFTxCkMEn8bZdJKhdwSkSSskldkIgEzVOWhmMmmJDCgeLHm8M77m7mOK4.SA_CnazT7XDAnzWEjItVew.R1ZVdLwCh8IUpggPrnqSAdEDWzbk0M2NpulVlO9Vs19syvgiVZUG82fQABX9v4EYM2wWiZgJDzB5_oB7pZSUkhwZ9o4e6-VSkVxbXIkR2q4BY7LH04zaosGBgvmHZVXCR2ZFeMOD-OEiJZu3D8KndZxUGqlVdgJhVs6JqUEPze2IWgXdF_lB7prpYvAXnzs8N-X9kv0BekZCemXyjsXpW5QM7Sxg2YslU7-Qhv18NxNh_VC0Q9D9OsA7OS3lbuq0xIQy7HpzN2_y2Xv2EE7LAt11DhCd8B2i2ZAx__SJ9mJzu7vKreLdqvCcLNUYzEVSoPAxplPvlP9ZQVFT6iMXnwGyD-WF-SdigqEvA0eS0vJljDxEGPLj0zqrViM80oye4wW1XUSkKT8cu6UbezulBCjZwOb6GzltMK4eSkeIKsCt1hiHjDwP3cxnShOHA2QK8Wi322plWun2rM9rQgc4CyYkWT0CpEFvHPc0S-dbGZFer-MScj8Mr38teBpvqwO2BYtLjEbpt1NfTzwFuCW_p7eKG_kT208W0m9151DqLfEtgx-WnmEQlth4uCxLKUGHN_CKuW_VKHHneRknAhxUSSCfDaUK0jFRLk3uKcoZasNdtZl2cROWFF78Ll_740KNa6n1d9BRrdR3Muf_vc42eMs8L3v8L46MqLUU6unm6tH7EIrn7sGpBFAQ93ldaKdVlX5cxlLNRO2gEwYUGggPdtD_TAezAyS4AqlsqEx1cwXcBc87uOc85dx3Lc0EO_9_0cxh-I6GKOs20FHu-xt58HU7RPoDkkZEksdoYEGo86g6kzdcoIRt9PB-DRF0PyCbZEGU0Mgo6aRXOtgLGppxA-9LqXIm3fRBdiAQIC4ewYkqi6MDAz6BdKQxQx-bfdQuhSLNsKfJE5smxn64h84b44LZMPH9TpQbl5Ao6U6ZEebsPsv7e3y_9Lpkzcikl2TJzQ48Qg2TxqZB4-iRKmr9tw.uoPe6mQMJlcn2mLL3qTGwSINrYrq55plLldsSuFHWY8",
  "access_token": "eyJhbGciOiJBMjU2S1ciLCJlbmMiOiJBMjU2Q0JDLUhTNTEyIiwidHlwIjoiSldUIiwiY3R5IjoiSldUIn0.JBmFW8UNRh66Y5P6pO8SqxN9ktxzMzSJ4V3xwY05s0YCDtWB7NpIyRS_x5_voiHwcWwXimiqFO_gV89nuzU6h1L93mrUpJRi.7xnqKzwsOTtPjVymqCXxIA.1pJl0tza7CEZ6HS4G5wlYWkVBj1nhaMVNaLfNk9Z9AEb-yQbxKT_t79sF20-f4DP4cDXODzEvWIz2SWn1epOWfVTQJV2k8ZqhPGb3YZEOY3AiLZviOdgAJCviN3LKBDGkNK6E5J3xX8UghdSpIlPVEOzQa8KP9Tcb4Y_z9CHPEio0mSjjbL5cPi51RgdW_djRhze8xtRqX47l7P529JyAcD8yhjJRRbjKxcfnhKf6lu6LlTHLt2K7PbubOZv2Mnc0bNYkqlhDz4-_FWTzb-G1_TahFvpo407XzQhgFglkEACBdHW0n3sE4LKVJx1jEZ_AIcY7YK25E4VENo8XEehet8YP2yKuY9ehGyfWkMQAPRjZLUtUY9-zG0TrCTbGbBHEUFBrZ9X0_E_RQ1mhag2iH1x1l2apXd1u_F8Kjuw8qIBqFa58bd0fwsbpuEzB_3ff1YzjVnsclvNS-CUnWRCM62Ef_BnnFYAPZ6ohG0OZQOZLHEndH-oJVtelPht7cjIS9kGbztt4UVlHAzdsx2ERQLimLVoG9zOpoXytY24EJLWbmDRzA1tbcjlUj2FKr_Y8H0NTmOAmCqpFLy86r8sEVaDDh5gTt1ezFfFIwW2crZkPfeX5_u_3y9UNol-fXNTHyqN4b9TIliUCgLDGHcJ26bf0ISyt3zmhNfy3CLH33NjXfKVT1f3tAG_13RGfQjVWZv_43rMTrv0ZXogyzXMIl19QgPsOhh_-TGfKYgTPSrOgJYLrUjW4sXNmBb8mIyf9q4v9-RQgO934uBNFIx4MyOSpgjZfN7kA-vuO2Kd0j-Pg_GoFUueIOQZ7RQslXxlMUPZE9P6nEPBSn2TBTZJzdxw4_sFwESWN5YU-FJXgK4sM6TX8-v6QGlUflPK8Q2FbbbkCo8BrC3Q22Di9l5DpcoYE2oh8hrLeHEQPRvBF6BGgQcbnwG2JYmOBIGCXS8EDibXKfb-PyliCDOldMZNOTB-XAfaVGSEBE6vJg-AErSE_VUPEM907mAssZXA53O5ix1yw6qtsOgATD986X-Pcog24CUA7pHw-SCtltef1ayahcc1Tt5EyfjD0_oOpZdl7XKM_psjB_CkhCKmcA-yU9HmEAh_s1EPuSGm_i0bQ7v7TrGGU2F04c3vn9L5Rv_czHXZ1t79VXoKhhPofBAnnlgE0pDvnJhiSDHgetjo84fKNe9HnTKyUR7nctQheTxRVWsf4nG4_1VjDaQwz9kMZf_fATNAl6WEJssNW1Gu5XIRP1OUSvZWn2CCrrWdVHZW1gHjcg1qg25tlmKX4A5iaOI2dEGJdSf4FAROHFYiYoPB01XLxVpaMnbBKjF1ZFMYHQQrAPpG_edS2tVmkdQ2NjfXjTr_utXY0AzzDXkNdAr8YXXssh9Gr5J94BlDj2J1R1Wv_NaLYjU8ARK_wq7F7mvVr0kFEB2rNjmdFQ3eKHpyQAfw5HV5JgHJ6tX8FooQtDRANVqPUr9SZ4W7LGZ9XkCfH92k5kzhib2mMpucJ15Z6EoCcbnFVL3Fx5X_MdVZJY-Lxcs1xYzH5BS1CyT7OqinNKF_YG7IsJGdaN59qlA.ZEn-PAhApNd01Gn7j6CAUcUFEfA-tXQU1ls7zVLiLoQ",
  "expires_in": 604800,
  "token_type": "Bearer",
  "refresh_token": "0C6CD104A0BFB4CC7DB5D7879326E33F4E7E52F428C3BEFC485597EE9AA44E7B",
  "scope": "openid scope.obs-plus.shop scope.obs-plus.user offline_access"
}
To Local File:token.bin  
2026-09-25 23:49:30 INFO HttpSpeedTester - Domain:obsworks Url:https://oauth.obsworks.com/api/session Test TotalCount:3 SuccessCount:3 FailureCount:0 AverageResponseTime:988 ms  
2026-09-25 23:49:30 INFO HttpSpeedTester - Domain:ourobs Url:https://oauth.ourobs.com/api/session Test TotalCount:3 SuccessCount:3 FailureCount:0 AverageResponseTime:1736 ms  
2026-09-25 23:49:30 INFO HttpSpeedTester - Primary domain:obsworks selected: SuccessCount 3 > 0  
2026-09-25 23:49:30 DEBUG AppHelper - Better Domain:obsworks  
2026-09-25 23:49:30 DEBUG PluginConfigService - End Init Plugin Config  
2026-09-25 23:49:30 INFO app - eval_k4  
2026-09-25 23:49:30 INFO app - eval_kb  
2026-09-25 23:49:30 INFO app - eval_ka  
2026-09-25 23:49:30 INFO app - eval_k9  
2026-09-25 23:49:30 INFO app - eval_r0  
2026-09-25 23:49:30 INFO app - eval_rz  
2026-09-25 23:49:30 INFO app - eval_rc  
2026-09-25 23:49:30 INFO app - eval_rj  
2026-09-25 23:49:30 INFO app - eval_rx  
2026-09-25 23:49:30 INFO app - eval_rv  
2026-09-25 23:49:30 INFO app - eval_rf  
2026-09-25 23:49:30 INFO app - eval_yt  
2026-09-25 23:49:30 INFO app - eval_yc  
2026-09-25 23:49:30 INFO app - eval_va  
2026-09-25 23:49:30 DEBUG app - 应用程序初始化耗时：11,4575799秒  
2026-09-25 23:49:30 DEBUG RemoteContentProvider - C:\Users\fourk\AppData\Roaming\obsplus\locale\ui-en-US.json Not Be Modified, Return It's Content  
2026-09-25 23:49:30 DEBUG LocaleProvider - Init Server Locale:ui-en-US Count:240  
2026-09-25 23:49:30 DEBUG ShopService - LocalProvider Update Completed, Update Plugin List  
2026-09-25 23:49:30 DEBUG app - http://localhost:58852  
2026-09-25 23:49:30 DEBUG ShopService - this.briefCDNResults is null, RequestPluginCDNList  
2026-09-25 23:49:30 DEBUG ShopService - Request Plugins CDN Description:allinfo-en-US  
2026-09-25 23:49:30 DEBUG RemoteContentProvider - C:\Users\fourk\AppData\Roaming\obsplus\locale\allinfo-en-US.json Not Be Modified, Return It's Content  
2026-09-25 23:49:30 DEBUG ShopService - GetPluginList From Init End, Use Total 9,5313808s  
2026-09-25 23:49:31 DEBUG OBSPLUSAPP - LoginService.IsReady:True, Close Load Window  
2026-09-25 23:49:31 DEBUG WindowManager - Register Window:Load  
2026-09-25 23:49:31 DEBUG Main - Init -> GetPluginList  
2026-09-25 23:49:31 DEBUG Main - OBS所在屏幕的工作区域为：1920x1032，安全的窗口高度为：980,4，插件中心窗口默认高度为：758，在此屏幕上高度设为：758  
2026-09-25 23:49:31 DEBUG SoftwareGreenInstallService - Start Init Green Software Config  
2026-09-25 23:49:31 DEBUG WindowManager - Window:Load Closed  
2026-09-25 23:49:31 DEBUG WindowManager - Remove Window:Load Result:True  
2026-09-25 23:49:31 DEBUG Main - UserLoginSuccess -> GetPluginList  
2026-09-25 23:49:31 DEBUG Main - 加载插件列表开始  
2026-09-25 23:49:31 DEBUG Main - 申请试用OBS Camera Beauty  
2026-09-25 23:49:32 DEBUG Main - 加载插件列表 获取插件列表数据开始  
2026-09-25 23:49:32 DEBUG Main - 加载插件列表 获取插件列表数据结束，ServerPlugins Count:69  
2026-09-25 23:49:32 DEBUG SoftwareInstallService - registry avermediacolorkeypro uninstall path:  
2026-09-25 23:49:32 DEBUG SoftwareInstallService - registry avermediabgremoval uninstall path:  
2026-09-25 23:49:32 DEBUG SoftwareInstallService - registry avermediacoloreditorpro uninstall path:  
2026-09-25 23:49:32 DEBUG Main - 加载插件列表 实例化插件列表数据结束，AllPlugins Count:69  
2026-09-25 23:49:32 DEBUG Main - 加载插件列表结束，ShowPlugins Count:67，耗时0,8373601s  
2026-09-25 23:49:32 DEBUG LoginService - Update OpenId Equal Value Don't Need Update  
2026-09-25 23:49:32 DEBUG ShopService - GetPluginList From UserLogin Start  
2026-09-25 23:49:33 DEBUG ShopService - GetPluginList From UserLogin End, Use Total 0,2540524s  
2026-09-25 23:49:33 DEBUG LoginMessageHandler - publish login message to all plugins  
2026-09-25 23:49:33 DEBUG Main - 获取插件分类数据结束，ServerCategories Count:9  
2026-09-25 23:49:33 INFO Main - GetPluginList Canceled  
2026-09-25 23:49:33 DEBUG SoftwareGreenInstallService - End Init Green Software Config  
2026-09-25 23:49:36 DEBUG OBSPLUSAPP - currentDir:C:\Program Files\obs-studio\bin\64bit, rootDir:C:\Program Files\obs-studio  
2026-09-25 23:49:36 DEBUG OBSPLUSAPP - Change --palette_link value:var(--blue2) to:rgb(77,166,255)  
2026-09-25 23:49:36 DEBUG OBSPLUSAPP - Change --palette_linkVisited value:var(--blue2) to:rgb(77,166,255)  
2026-09-25 23:49:36 ERROR OBSPLUSAPP - ModifyOBSTheme C:\Program Files\obs-studio\data\obs-studio\themes\Yami.obt Exception:Access to the path 'C:\Program Files\obs-studio\data\obs-studio\themes\Yami.obt' is denied.  
2026-09-25 23:49:36 DEBUG OBSPLUSAPP - C:\ProgramData\obs-studio\plugins\obsplus\bin\32bit\obsplus.dll sign time:29/07/2026 13:29:08  
2026-09-25 23:49:36 DEBUG OBSPLUSAPP - C:\ProgramData\obs-studio\plugins\obsplus\bin\64bit\obsplus.dll sign time:29/07/2026 13:29:12  
2026-09-25 23:49:36 DEBUG OBSPLUSAPP - NV baseProfile.Settings.Level Is NULL(Default State)  
2026-09-25 23:49:36 DEBUG OBSPLUSAPP - nv setting is right, don't need tip  
2026-09-25 23:51:17 DEBUG OBSPlusHelper - Receive obs_exit Signal  
